******************************************************************************
                  TI ARM Linker PC v20.2.7                     
******************************************************************************
>> Linked Tue Nov 11 20:25:48 2025

OUTPUT FILE NAME:   <Graduation_Project.out>
ENTRY POINT SYMBOL: "_c_int00_noargs"  address: 00004f3d


MEMORY CONFIGURATION

         name            origin    length      used     unused   attr    fill
----------------------  --------  ---------  --------  --------  ----  --------
  FLASH                 00000000   00040000  00005482  0003ab7e  R  X
  SRAM                  20000000   00008000  00000698  00007968  RW X


SEGMENT ALLOCATION MAP

run origin  load origin   length   init length attrs members
----------  ----------- ---------- ----------- ----- -------
00000000    00000000    00005488   00005488    r-x
  00000000    00000000    0000026c   0000026c    r-- .intvecs
  0000026c    0000026c    00004d80   00004d80    r-x .text
  00004ff0    00004ff0    00000456   00000456    r-- .const
  00005448    00005448    00000040   00000040    r-- .cinit
20000000    20000000    00000698   00000000    rw-
  20000000    20000000    00000438   00000000    rw- .bss
  20000438    20000438    00000200   00000000    rw- .stack
  20000638    20000638    00000060   00000000    rw- .data


SECTION ALLOCATION MAP

 output                                  attributes/
section   page    origin      length       input sections
--------  ----  ----------  ----------   ----------------
.intvecs   0    00000000    0000026c     
                  00000000    0000026c     tm4c123gh6pm_startup_ccs.obj (.intvecs)

.text      0    0000026c    00004d80     
                  0000026c    000015c0     GPS.obj (.text)
                  0000182c    0000111c     main_gps_production.obj (.text)
                  00002948    00000d04     GPIO.obj (.text)
                  0000364c    00000648     UART.obj (.text)
                  00003c94    00000460     rtsv7M4_T_le_v4SPD16_eabi.lib : strtod.c.obj (.text:strtod)
                  000040f4    000003d8     MCU.obj (.text)
                  000044cc    00000274     Det.obj (.text)
                  00004740    000001b6     rtsv7M4_T_le_v4SPD16_eabi.lib : fd_add_t2.asm.obj (.text)
                  000048f6    00000136                                   : fd_div_t2.asm.obj (.text)
                  00004a2c    00000110                                   : s_scalbn.c.obj (.text:scalbn)
                  00004b3c    000000fc                                   : fd_mul_t2.asm.obj (.text)
                  00004c38    0000009c                                   : memcpy_t2.asm.obj (.text)
                  00004cd4    00000086                                   : fd_cmp_t2.asm.obj (.text:__aeabi_cdcmple)
                  00004d5a    0000007a                                   : memset_t2.asm.obj (.text)
                  00004dd4    0000006e                                   : fd_tos_t2.asm.obj (.text)
                  00004e42    00000068                                   : copy_decompress_lzss.c.obj (.text:decompress:lzss:__TI_decompress_lzss)
                  00004eaa    00000002     --HOLE-- [fill = 0]
                  00004eac    0000004c                                   : atoi.c.obj (.text:atoi)
                  00004ef8    00000044                                   : autoinit.c.obj (.text:__TI_auto_init_nobinit_nopinit:__TI_auto_init_nobinit_nopinit)
                  00004f3c    00000034                                   : boot_cortex_m.c.obj (.text:_c_int00_noargs:_c_int00_noargs)
                  00004f70    0000001a                                   : s_copysign.c.obj (.text:copysign)
                  00004f8a    00000018                                   : strcmp.c.obj (.text:strcmp)
                  00004fa2    00000012                                   : atof.c.obj (.text:atof)
                  00004fb4    0000000e                                   : copy_decompress_none.c.obj (.text:decompress:none:__TI_decompress_none)
                  00004fc2    0000000c                                   : copy_zero_init.c.obj (.text:decompress:ZI:__TI_zero_init)
                  00004fce    0000000c     tm4c123gh6pm_startup_ccs.obj (.text)
                  00004fda    00000002     --HOLE-- [fill = 0]
                  00004fdc    00000008     rtsv7M4_T_le_v4SPD16_eabi.lib : errno.c.obj (.text:__aeabi_errno_addr)
                  00004fe4    00000004                                   : pre_init.c.obj (.text:_system_pre_init)
                  00004fe8    00000004                                   : exit.c.obj (.text:abort:abort)

.const     0    00004ff0    00000456     
                  00004ff0    00000101     rtsv7M4_T_le_v4SPD16_eabi.lib : ctype.c.obj (.const:.string:_ctypes_)
                  000050f1    00000004     Mcu_PBcfg.obj (.const:Mcu_Config_80MHz)
                  000050f5    00000003     --HOLE-- [fill = 0]
                  000050f8    000000c8     rtsv7M4_T_le_v4SPD16_eabi.lib : strtod.c.obj (.const:$O1$$)
                  000051c0    00000084     Gpio_PBCfg.obj (.const:Gpio_PinConfigurations)
                  00005244    00000036     GPS.obj (.const:.string:$P$T9$10)
                  0000527a    00000032     GPS.obj (.const:.string:$P$T2$3)
                  000052ac    00000032     GPS.obj (.const:.string:$P$T6$7)
                  000052de    00000028     GPS.obj (.const:.string:$P$T4$5)
                  00005306    00000026     GPS.obj (.const:.string:$P$T8$9)
                  0000532c    00000020     UART.obj (.const:Uart_BaseAddress)
                  0000534c    0000001a     GPS.obj (.const:.string:$P$T0$1)
                  00005366    0000001a     GPS.obj (.const:.string:$P$T10$11)
                  00005380    0000001a     GPS.obj (.const:.string:$P$T11$12)
                  0000539a    00000002     --HOLE-- [fill = 0]
                  0000539c    00000018     Uart_PBCfg.obj (.const:Uart0_Config_115200)
                  000053b4    00000018     Uart_PBCfg.obj (.const:Uart1_Config_9600)
                  000053cc    00000014     GPS_PBCfg.obj (.const:GPS_Config_Automotive)
                  000053e0    00000013     GPS.obj (.const:.string:$P$T12$13)
                  000053f3    00000013     GPS.obj (.const:.string:$P$T13$14)
                  00005406    0000000e     GPS.obj (.const:.string:$P$T1$2)
                  00005414    0000000e     GPS.obj (.const:.string:$P$T7$8)
                  00005422    0000000c     GPS.obj (.const:.string:$P$T3$4)
                  0000542e    0000000a     GPS.obj (.const:.string:$P$T5$6)
                  00005438    00000008     Gpio_PBCfg.obj (.const:Gpio_Configuration)
                  00005440    00000006     GPS.obj (.const:.string)

.cinit     0    00005448    00000040     
                  00005448    0000001a     (.cinit..data.load) [load image, compression = lzss]
                  00005462    00000002     --HOLE-- [fill = 0]
                  00005464    0000000c     (__TI_handler_table)
                  00005470    00000008     (.cinit..bss.load) [load image, compression = zero_init]
                  00005478    00000010     (__TI_cinit_table)

.init_array 
*          0    00000000    00000000     UNINITIALIZED

.bss       0    20000000    00000438     UNINITIALIZED
                  20000000    00000184     GPS.obj (.bss:GPS_CurrentData)
                  20000184    00000100     GPS.obj (.bss:GPS_UbxBuffer)
                  20000284    000000c0     Det.obj (.bss:Det_ErrorBuffer)
                  20000344    00000080     GPS.obj (.bss:GPS_NmeaBuffer)
                  200003c4    00000060     UART.obj (.bss:Uart_RuntimeState)
                  20000424    00000014     GPS.obj (.bss:GPS_Config)

.data      0    20000638    00000060     UNINITIALIZED
                  20000638    0000001c     main_gps_production.obj (.data)
                  20000654    00000010     GPS.obj (.data)
                  20000664    0000000d     MCU.obj (.data)
                  20000671    00000003     --HOLE--
                  20000674    0000000c     Det.obj (.data)
                  20000680    00000009     GPIO.obj (.data)
                  20000689    00000003     --HOLE--
                  2000068c    00000008     GPS.obj (.data:GPS_AckStatus)
                  20000694    00000004     rtsv7M4_T_le_v4SPD16_eabi.lib : errno.c.obj (.data)

.stack     0    20000438    00000200     UNINITIALIZED
                  20000438    00000004     rtsv7M4_T_le_v4SPD16_eabi.lib : boot_cortex_m.c.obj (.stack)
                  2000043c    000001fc     --HOLE--

__llvm_prf_cnts 
*          0    20000000    00000000     UNINITIALIZED

MODULE SUMMARY

       Module                         code    ro data   rw data
       ------                         ----    -------   -------
    .\
       main_gps_production.obj        4380    0         28     
       tm4c123gh6pm_startup_ccs.obj   12      620       0      
    +--+------------------------------+-------+---------+---------+
       Total:                         4392    620       28     
                                                               
    .\CONFIG\
       Det.obj                        628     0         204    
    +--+------------------------------+-------+---------+---------+
       Total:                         628     0         204    
                                                               
    .\ECUAL\GPS\
       GPS.obj                        5568    404       816    
       GPS_PBCfg.obj                  0       20        0      
    +--+------------------------------+-------+---------+---------+
       Total:                         5568    424       816    
                                                               
    .\MCAL\GPIO\
       GPIO.obj                       3332    0         9      
       Gpio_PBCfg.obj                 0       140       0      
    +--+------------------------------+-------+---------+---------+
       Total:                         3332    140       9      
                                                               
    .\MCAL\MCU\
       MCU.obj                        984     0         13     
       Mcu_PBcfg.obj                  0       4         0      
    +--+------------------------------+-------+---------+---------+
       Total:                         984     4         13     
                                                               
    .\MCAL\UART\
       UART.obj                       1608    32        96     
       Uart_PBCfg.obj                 0       48        0      
    +--+------------------------------+-------+---------+---------+
       Total:                         1608    80        96     
                                                               
    C:\ti\ccs1281\ccs\tools\compiler\ti-cgt-arm_20.2.7.LTS\lib\rtsv7M4_T_le_v4SPD16_eabi.lib
       strtod.c.obj                   1120    200       0      
       fd_add_t2.asm.obj              438     0         0      
       fd_div_t2.asm.obj              310     0         0      
       s_scalbn.c.obj                 272     0         0      
       ctype.c.obj                    0       257       0      
       fd_mul_t2.asm.obj              252     0         0      
       memcpy_t2.asm.obj              156     0         0      
       fd_cmp_t2.asm.obj              134     0         0      
       memset_t2.asm.obj              122     0         0      
       fd_tos_t2.asm.obj              110     0         0      
       copy_decompress_lzss.c.obj     104     0         0      
       atoi.c.obj                     76      0         0      
       autoinit.c.obj                 68      0         0      
       boot_cortex_m.c.obj            52      0         0      
       s_copysign.c.obj               26      0         0      
       strcmp.c.obj                   24      0         0      
       atof.c.obj                     18      0         0      
       copy_decompress_none.c.obj     14      0         0      
       copy_zero_init.c.obj           12      0         0      
       errno.c.obj                    8       0         4      
       exit.c.obj                     4       0         0      
       pre_init.c.obj                 4       0         0      
    +--+------------------------------+-------+---------+---------+
       Total:                         3324    457       4      
                                                               
       Stack:                         0       0         512    
       Linker Generated:              0       62        0      
    +--+------------------------------+-------+---------+---------+
       Grand Total:                   19836   1787      1682   


LINKER GENERATED COPY TABLES

__TI_cinit_table @ 00005478 records: 2, size/record: 8, table size: 16
	.data: load addr=00005448, load size=0000001a bytes, run addr=20000638, run size=00000060 bytes, compression=lzss
	.bss: load addr=00005470, load size=00000008 bytes, run addr=20000000, run size=00000438 bytes, compression=zero_init


LINKER GENERATED HANDLER TABLE

__TI_handler_table @ 00005464 records: 3, size/record: 4, table size: 12
	index: 0, handler: __TI_decompress_lzss
	index: 1, handler: __TI_decompress_none
	index: 2, handler: __TI_zero_init


GLOBAL SYMBOLS: SORTED ALPHABETICALLY BY Name 

address   name                          
-------   ----                          
00004fe9  C$$EXIT                       
000046c7  Det_ClearErrorBuffer          
00004573  Det_DeInit                    
000046f9  Det_GetErrorCount             
00004651  Det_GetErrorReport            
00004613  Det_GetVersionInfo            
00004537  Det_Init                      
000045b7  Det_ReportError               
000046ff  Det_SetCallback               
000053cc  GPS_Config_Automotive         
0000081d  GPS_ConfigureGNSS             
000009ad  GPS_ConfigureGeofence         
000008e9  GPS_ConfigurePPS              
000008b5  GPS_ConfigureSBAS             
00000443  GPS_DeInit                    
000008a1  GPS_EnableBeiDou              
00000741  GPS_EnableGLONASS             
0000088d  GPS_EnableGalileo             
00000a93  GPS_EnableRTCM                
00000721  GPS_EnableSBAS                
00000b65  GPS_GetConstellationInfo      
000005d9  GPS_GetData                   
00000c95  GPS_GetLastNmeaType           
00000605  GPS_GetPosition               
00000689  GPS_GetSatellites             
00000703  GPS_GetStatus                 
00000655  GPS_GetTime                   
00000629  GPS_GetVelocity               
000006fd  GPS_HasValidFix               
0000026d  GPS_Init                      
00000b3d  GPS_LoadConfiguration         
00000475  GPS_ProcessData               
000007f9  GPS_Reset                     
00000b1d  GPS_SaveConfiguration         
00000acd  GPS_SendAssistNowData         
000007d1  GPS_SetDynamicModel           
00000971  GPS_SetPowerMode              
0000076d  GPS_SetUpdateRate             
00000c31  GPS_WaitForAck                
00003565  Gpio_ClearInterrupt           
00005438  Gpio_Configuration            
000034fb  Gpio_DisableInterrupt         
00003495  Gpio_EnableInterrupt          
0000316f  Gpio_FlipChannel              
000035d1  Gpio_GetInterruptStatus       
00003217  Gpio_GetVersionInfo           
00002f47  Gpio_Init                     
00002fcb  Gpio_ReadChannel              
000033a5  Gpio_ReadChannelGroup         
000030cd  Gpio_ReadPort                 
000032e1  Gpio_RefreshPortDirection     
00003259  Gpio_SetPinDirection          
00003049  Gpio_WriteChannel             
00003417  Gpio_WriteChannelGroup        
00003125  Gpio_WritePort                
000050f1  Mcu_Config_80MHz              
0000429d  Mcu_DisablePeripheralClock    
0000413f  Mcu_DistributePllClock        
0000425f  Mcu_EnablePeripheralClock     
00004179  Mcu_GetPllStatus              
000041e5  Mcu_GetResetRawValue          
00004193  Mcu_GetResetReason            
0000424f  Mcu_GetSystemClock            
000040f5  Mcu_Init                      
00004117  Mcu_InitClock                 
000041f5  Mcu_PerformReset              
000041fd  Mcu_SetMode                   
00004fcf  ResetISR                      
0000182d  Timer2A_Handler               
0000539c  Uart0_Config_115200           
000053b4  Uart1_Config_9600             
0000389f  Uart_DeInit                   
00003b9f  Uart_GetStatus                
00003c59  Uart_GetVersionInfo           
00003703  Uart_Init                     
00003c21  Uart_IsRxDataAvailable        
00003be9  Uart_IsTxFifoEmpty            
000039bd  Uart_ReceiveByte              
00003afd  Uart_SendBuffer               
00003945  Uart_SendByte                 
00003a61  Uart_SendString               
20000638  __STACK_END                   
00000200  __STACK_SIZE                  
20000638  __STACK_TOP                   
00005478  __TI_CINIT_Base               
00005488  __TI_CINIT_Limit              
00005464  __TI_Handler_Table_Base       
00005470  __TI_Handler_Table_Limit      
00004ef9  __TI_auto_init_nobinit_nopinit
00004e43  __TI_decompress_lzss          
00004fb5  __TI_decompress_none          
ffffffff  __TI_pprof_out_hndl           
ffffffff  __TI_prof_data_size           
ffffffff  __TI_prof_data_start          
00000000  __TI_static_base__            
00004fc3  __TI_zero_init                
00004cd5  __aeabi_cdcmpeq               
00004cd5  __aeabi_cdcmple               
00004dd5  __aeabi_d2f                   
0000474b  __aeabi_dadd                  
000048f7  __aeabi_ddiv                  
00004b3d  __aeabi_dmul                  
00004741  __aeabi_dsub                  
00004fdd  __aeabi_errno_addr            
00004d5b  __aeabi_memclr                
00004d5b  __aeabi_memclr4               
00004d5b  __aeabi_memclr8               
00004c39  __aeabi_memcpy                
00004c39  __aeabi_memcpy4               
00004c39  __aeabi_memcpy8               
00004d5d  __aeabi_memset                
00004d5d  __aeabi_memset4               
00004d5d  __aeabi_memset8               
ffffffff  __binit__                     
ffffffff  __c_args__                    
UNDEFED   __mpu_init                    
20000438  __stack                       
20000000  __start___llvm_prf_cnts       
20000000  __stop___llvm_prf_cnts        
00004f3d  _c_int00_noargs               
00004ff0  _ctypes_                      
UNDEFED   _system_post_cinit            
00004fe5  _system_pre_init              
00004fe9  abort                         
00004fa3  atof                          
00004ead  atoi                          
ffffffff  binit                         
00004f71  copysign                      
00004f71  copysignl                     
20000694  errno                         
00000000  g_pfnVectors                  
00004a2d  ldexp                         
00004a2d  ldexpl                        
00002609  main                          
00004c39  memcpy                        
00004d63  memset                        
00004a2d  scalbn                        
00004a2d  scalbnl                       
00004f8b  strcmp                        
00003c95  strtod                        
00003c95  strtold                       


GLOBAL SYMBOLS: SORTED BY Symbol Address 

address   name                          
-------   ----                          
00000000  __TI_static_base__            
00000000  g_pfnVectors                  
00000200  __STACK_SIZE                  
0000026d  GPS_Init                      
00000443  GPS_DeInit                    
00000475  GPS_ProcessData               
000005d9  GPS_GetData                   
00000605  GPS_GetPosition               
00000629  GPS_GetVelocity               
00000655  GPS_GetTime                   
00000689  GPS_GetSatellites             
000006fd  GPS_HasValidFix               
00000703  GPS_GetStatus                 
00000721  GPS_EnableSBAS                
00000741  GPS_EnableGLONASS             
0000076d  GPS_SetUpdateRate             
000007d1  GPS_SetDynamicModel           
000007f9  GPS_Reset                     
0000081d  GPS_ConfigureGNSS             
0000088d  GPS_EnableGalileo             
000008a1  GPS_EnableBeiDou              
000008b5  GPS_ConfigureSBAS             
000008e9  GPS_ConfigurePPS              
00000971  GPS_SetPowerMode              
000009ad  GPS_ConfigureGeofence         
00000a93  GPS_EnableRTCM                
00000acd  GPS_SendAssistNowData         
00000b1d  GPS_SaveConfiguration         
00000b3d  GPS_LoadConfiguration         
00000b65  GPS_GetConstellationInfo      
00000c31  GPS_WaitForAck                
00000c95  GPS_GetLastNmeaType           
0000182d  Timer2A_Handler               
00002609  main                          
00002f47  Gpio_Init                     
00002fcb  Gpio_ReadChannel              
00003049  Gpio_WriteChannel             
000030cd  Gpio_ReadPort                 
00003125  Gpio_WritePort                
0000316f  Gpio_FlipChannel              
00003217  Gpio_GetVersionInfo           
00003259  Gpio_SetPinDirection          
000032e1  Gpio_RefreshPortDirection     
000033a5  Gpio_ReadChannelGroup         
00003417  Gpio_WriteChannelGroup        
00003495  Gpio_EnableInterrupt          
000034fb  Gpio_DisableInterrupt         
00003565  Gpio_ClearInterrupt           
000035d1  Gpio_GetInterruptStatus       
00003703  Uart_Init                     
0000389f  Uart_DeInit                   
00003945  Uart_SendByte                 
000039bd  Uart_ReceiveByte              
00003a61  Uart_SendString               
00003afd  Uart_SendBuffer               
00003b9f  Uart_GetStatus                
00003be9  Uart_IsTxFifoEmpty            
00003c21  Uart_IsRxDataAvailable        
00003c59  Uart_GetVersionInfo           
00003c95  strtod                        
00003c95  strtold                       
000040f5  Mcu_Init                      
00004117  Mcu_InitClock                 
0000413f  Mcu_DistributePllClock        
00004179  Mcu_GetPllStatus              
00004193  Mcu_GetResetReason            
000041e5  Mcu_GetResetRawValue          
000041f5  Mcu_PerformReset              
000041fd  Mcu_SetMode                   
0000424f  Mcu_GetSystemClock            
0000425f  Mcu_EnablePeripheralClock     
0000429d  Mcu_DisablePeripheralClock    
00004537  Det_Init                      
00004573  Det_DeInit                    
000045b7  Det_ReportError               
00004613  Det_GetVersionInfo            
00004651  Det_GetErrorReport            
000046c7  Det_ClearErrorBuffer          
000046f9  Det_GetErrorCount             
000046ff  Det_SetCallback               
00004741  __aeabi_dsub                  
0000474b  __aeabi_dadd                  
000048f7  __aeabi_ddiv                  
00004a2d  ldexp                         
00004a2d  ldexpl                        
00004a2d  scalbn                        
00004a2d  scalbnl                       
00004b3d  __aeabi_dmul                  
00004c39  __aeabi_memcpy                
00004c39  __aeabi_memcpy4               
00004c39  __aeabi_memcpy8               
00004c39  memcpy                        
00004cd5  __aeabi_cdcmpeq               
00004cd5  __aeabi_cdcmple               
00004d5b  __aeabi_memclr                
00004d5b  __aeabi_memclr4               
00004d5b  __aeabi_memclr8               
00004d5d  __aeabi_memset                
00004d5d  __aeabi_memset4               
00004d5d  __aeabi_memset8               
00004d63  memset                        
00004dd5  __aeabi_d2f                   
00004e43  __TI_decompress_lzss          
00004ead  atoi                          
00004ef9  __TI_auto_init_nobinit_nopinit
00004f3d  _c_int00_noargs               
00004f71  copysign                      
00004f71  copysignl                     
00004f8b  strcmp                        
00004fa3  atof                          
00004fb5  __TI_decompress_none          
00004fc3  __TI_zero_init                
00004fcf  ResetISR                      
00004fdd  __aeabi_errno_addr            
00004fe5  _system_pre_init              
00004fe9  C$$EXIT                       
00004fe9  abort                         
00004ff0  _ctypes_                      
000050f1  Mcu_Config_80MHz              
0000539c  Uart0_Config_115200           
000053b4  Uart1_Config_9600             
000053cc  GPS_Config_Automotive         
00005438  Gpio_Configuration            
00005464  __TI_Handler_Table_Base       
00005470  __TI_Handler_Table_Limit      
00005478  __TI_CINIT_Base               
00005488  __TI_CINIT_Limit              
20000000  __start___llvm_prf_cnts       
20000000  __stop___llvm_prf_cnts        
20000438  __stack                       
20000638  __STACK_END                   
20000638  __STACK_TOP                   
20000694  errno                         
ffffffff  __TI_pprof_out_hndl           
ffffffff  __TI_prof_data_size           
ffffffff  __TI_prof_data_start          
ffffffff  __binit__                     
ffffffff  __c_args__                    
ffffffff  binit                         
UNDEFED   __mpu_init                    
UNDEFED   _system_post_cinit            

[141 symbols]
