******************************************************************************
                  TI ARM Linker PC v20.2.7                     
******************************************************************************
>> Linked Sun Nov  2 23:44:12 2025

OUTPUT FILE NAME:   <Graduation_Project.out>
ENTRY POINT SYMBOL: "_c_int00_noargs"  address: 00000c49


MEMORY CONFIGURATION

         name            origin    length      used     unused   attr    fill
----------------------  --------  ---------  --------  --------  ----  --------
  FLASH                 00000000   00040000  00000cc2  0003f33e  R  X
  SRAM                  20000000   00008000  00000210  00007df0  RW X


SEGMENT ALLOCATION MAP

run origin  load origin   length   init length attrs members
----------  ----------- ---------- ----------- ----- -------
00000000    00000000    00000cc8   00000cc8    r-x
  00000000    00000000    0000026c   0000026c    r-- .intvecs
  0000026c    0000026c    00000a32   00000a32    r-x .text
  00000c9e    00000c9e    00000004   00000004    r-- .const
  00000ca8    00000ca8    00000020   00000020    r-- .cinit
20000000    20000000    00000210   00000000    rw-
  20000000    20000000    00000200   00000000    rw- .stack
  20000200    20000200    00000010   00000000    rw- .data


SECTION ALLOCATION MAP

 output                                  attributes/
section   page    origin      length       input sections
--------  ----  ----------  ----------   ----------------
.intvecs   0    00000000    0000026c     
                  00000000    0000026c     tm4c123gh6pm_startup_ccs.obj (.intvecs)

.text      0    0000026c    00000a32     
                  0000026c    0000045c     main_mcu_test.obj (.text)
                  000006c8    00000438     MCU.obj (.text)
                  00000b00    0000009c     rtsv7M4_T_le_v4SPD16_eabi.lib : memcpy_t2.asm.obj (.text)
                  00000b9c    00000068                                   : copy_decompress_lzss.c.obj (.text:decompress:lzss:__TI_decompress_lzss)
                  00000c04    00000044                                   : autoinit.c.obj (.text:__TI_auto_init_nobinit_nopinit:__TI_auto_init_nobinit_nopinit)
                  00000c48    00000034                                   : boot_cortex_m.c.obj (.text:_c_int00_noargs:_c_int00_noargs)
                  00000c7c    0000000e                                   : copy_decompress_none.c.obj (.text:decompress:none:__TI_decompress_none)
                  00000c8a    0000000c     tm4c123gh6pm_startup_ccs.obj (.text)
                  00000c96    00000004     rtsv7M4_T_le_v4SPD16_eabi.lib : pre_init.c.obj (.text:_system_pre_init)
                  00000c9a    00000004                                   : exit.c.obj (.text:abort:abort)

.const     0    00000c9e    00000004     
                  00000c9e    00000004     Mcu_PBcfg.obj (.const:Mcu_Config_80MHz)

.cinit     0    00000ca8    00000020     
                  00000ca8    00000010     (.cinit..data.load) [load image, compression = lzss]
                  00000cb8    00000008     (__TI_handler_table)
                  00000cc0    00000008     (__TI_cinit_table)

.init_array 
*          0    00000000    00000000     UNINITIALIZED

.data      0    20000200    00000010     UNINITIALIZED
                  20000200    00000009     MCU.obj (.data)
                  20000209    00000003     --HOLE--
                  2000020c    00000004     Mcu_PBcfg.obj (.data)

.stack     0    20000000    00000200     UNINITIALIZED
                  20000000    00000004     rtsv7M4_T_le_v4SPD16_eabi.lib : boot_cortex_m.c.obj (.stack)
                  20000004    000001fc     --HOLE--

__llvm_prf_cnts 
*          0    20000000    00000000     UNINITIALIZED

MODULE SUMMARY

       Module                         code   ro data   rw data
       ------                         ----   -------   -------
    .\
       main_mcu_test.obj              1116   0         0      
       tm4c123gh6pm_startup_ccs.obj   12     620       0      
    +--+------------------------------+------+---------+---------+
       Total:                         1128   620       0      
                                                              
    .\MCAL\MCU\
       MCU.obj                        1080   0         9      
       Mcu_PBcfg.obj                  0      4         4      
    +--+------------------------------+------+---------+---------+
       Total:                         1080   4         13     
                                                              
    C:\ti\ccs1281\ccs\tools\compiler\ti-cgt-arm_20.2.7.LTS\lib\rtsv7M4_T_le_v4SPD16_eabi.lib
       memcpy_t2.asm.obj              156    0         0      
       copy_decompress_lzss.c.obj     104    0         0      
       autoinit.c.obj                 68     0         0      
       boot_cortex_m.c.obj            52     0         0      
       copy_decompress_none.c.obj     14     0         0      
       exit.c.obj                     4      0         0      
       pre_init.c.obj                 4      0         0      
    +--+------------------------------+------+---------+---------+
       Total:                         402    0         0      
                                                              
       Stack:                         0      0         512    
       Linker Generated:              0      32        0      
    +--+------------------------------+------+---------+---------+
       Grand Total:                   2610   656       525    


LINKER GENERATED COPY TABLES

__TI_cinit_table @ 00000cc0 records: 1, size/record: 8, table size: 8
	.data: load addr=00000ca8, load size=00000010 bytes, run addr=20000200, run size=00000010 bytes, compression=lzss


LINKER GENERATED HANDLER TABLE

__TI_handler_table @ 00000cb8 records: 2, size/record: 4, table size: 8
	index: 0, handler: __TI_decompress_lzss
	index: 1, handler: __TI_decompress_none


GLOBAL SYMBOLS: SORTED ALPHABETICALLY BY Name 

address   name                          
-------   ----                          
00000c9b  C$$EXIT                       
2000020c  Mcu_ConfigPtr                 
00000c9e  Mcu_Config_80MHz              
0000086b  Mcu_DisablePeripheralClock    
00000713  Mcu_DistributePllClock        
0000082d  Mcu_EnablePeripheralClock     
00000747  Mcu_GetPllStatus              
000007b3  Mcu_GetResetRawValue          
00000761  Mcu_GetResetReason            
0000081d  Mcu_GetSystemClock            
000006c9  Mcu_Init                      
000006eb  Mcu_InitClock                 
000007c3  Mcu_PerformReset              
000007cb  Mcu_SetMode                   
00000293  PrintTestHeader               
0000029d  PrintTestResult               
00000c8b  ResetISR                      
0000026f  SimpleDelay                   
000002e1  Test_Mcu_ClockInit            
000002ab  Test_Mcu_Init                 
0000045d  Test_Mcu_PeripheralClock      
00000369  Test_Mcu_PllStatus            
00000493  Test_Mcu_PowerModes           
000003c1  Test_Mcu_ResetReason          
000003fb  Test_Mcu_SystemClock          
0000026d  Timer2A_Handler               
20000200  __STACK_END                   
00000200  __STACK_SIZE                  
20000200  __STACK_TOP                   
00000cc0  __TI_CINIT_Base               
00000cc8  __TI_CINIT_Limit              
00000cb8  __TI_Handler_Table_Base       
00000cc0  __TI_Handler_Table_Limit      
00000c05  __TI_auto_init_nobinit_nopinit
00000b9d  __TI_decompress_lzss          
00000c7d  __TI_decompress_none          
ffffffff  __TI_pprof_out_hndl           
ffffffff  __TI_prof_data_size           
ffffffff  __TI_prof_data_start          
00000000  __TI_static_base__            
00000b01  __aeabi_memcpy                
00000b01  __aeabi_memcpy4               
00000b01  __aeabi_memcpy8               
ffffffff  __binit__                     
ffffffff  __c_args__                    
UNDEFED   __mpu_init                    
20000000  __stack                       
20000000  __start___llvm_prf_cnts       
20000000  __stop___llvm_prf_cnts        
00000c49  _c_int00_noargs               
UNDEFED   _system_post_cinit            
00000c97  _system_pre_init              
00000c9b  abort                         
ffffffff  binit                         
00000000  g_pfnVectors                  
0000050d  main                          
00000b01  memcpy                        


GLOBAL SYMBOLS: SORTED BY Symbol Address 

address   name                          
-------   ----                          
00000000  __TI_static_base__            
00000000  g_pfnVectors                  
00000200  __STACK_SIZE                  
0000026d  Timer2A_Handler               
0000026f  SimpleDelay                   
00000293  PrintTestHeader               
0000029d  PrintTestResult               
000002ab  Test_Mcu_Init                 
000002e1  Test_Mcu_ClockInit            
00000369  Test_Mcu_PllStatus            
000003c1  Test_Mcu_ResetReason          
000003fb  Test_Mcu_SystemClock          
0000045d  Test_Mcu_PeripheralClock      
00000493  Test_Mcu_PowerModes           
0000050d  main                          
000006c9  Mcu_Init                      
000006eb  Mcu_InitClock                 
00000713  Mcu_DistributePllClock        
00000747  Mcu_GetPllStatus              
00000761  Mcu_GetResetReason            
000007b3  Mcu_GetResetRawValue          
000007c3  Mcu_PerformReset              
000007cb  Mcu_SetMode                   
0000081d  Mcu_GetSystemClock            
0000082d  Mcu_EnablePeripheralClock     
0000086b  Mcu_DisablePeripheralClock    
00000b01  __aeabi_memcpy                
00000b01  __aeabi_memcpy4               
00000b01  __aeabi_memcpy8               
00000b01  memcpy                        
00000b9d  __TI_decompress_lzss          
00000c05  __TI_auto_init_nobinit_nopinit
00000c49  _c_int00_noargs               
00000c7d  __TI_decompress_none          
00000c8b  ResetISR                      
00000c97  _system_pre_init              
00000c9b  C$$EXIT                       
00000c9b  abort                         
00000c9e  Mcu_Config_80MHz              
00000cb8  __TI_Handler_Table_Base       
00000cc0  __TI_CINIT_Base               
00000cc0  __TI_Handler_Table_Limit      
00000cc8  __TI_CINIT_Limit              
20000000  __stack                       
20000000  __start___llvm_prf_cnts       
20000000  __stop___llvm_prf_cnts        
20000200  __STACK_END                   
20000200  __STACK_TOP                   
2000020c  Mcu_ConfigPtr                 
ffffffff  __TI_pprof_out_hndl           
ffffffff  __TI_prof_data_size           
ffffffff  __TI_prof_data_start          
ffffffff  __binit__                     
ffffffff  __c_args__                    
ffffffff  binit                         
UNDEFED   __mpu_init                    
UNDEFED   _system_post_cinit            

[57 symbols]
