******************************************************************************
                  TI ARM Linker PC v20.2.7                     
******************************************************************************
>> Linked Fri Dec 12 13:50:39 2025

OUTPUT FILE NAME:   <Graduation_Project.out>
ENTRY POINT SYMBOL: "_c_int00_noargs"  address: 00003c89


MEMORY CONFIGURATION

         name            origin    length      used     unused   attr    fill
----------------------  --------  ---------  --------  --------  ----  --------
  FLASH                 00000000   00040000  00003f00  0003c100  R  X
  SRAM                  20000000   00008000  00000398  00007c68  RW X


SEGMENT ALLOCATION MAP

run origin  load origin   length   init length attrs members
----------  ----------- ---------- ----------- ----- -------
00000000    00000000    00003f00   00003f00    r-x
  00000000    00000000    0000026c   0000026c    r-- .intvecs
  0000026c    0000026c    00003aa8   00003aa8    r-x .text
  00003d14    00003d14    000001ac   000001ac    r-- .const
  00003ec0    00003ec0    00000040   00000040    r-- .cinit
20000000    20000000    00000398   00000000    rw-
  20000000    20000000    00000200   00000000    rw- .stack
  20000200    20000200    00000160   00000000    rw- .bss
  20000360    20000360    00000038   00000000    rw- .data


SECTION ALLOCATION MAP

 output                                  attributes/
section   page    origin      length       input sections
--------  ----  ----------  ----------   ----------------
.intvecs   0    00000000    0000026c     
                  00000000    0000026c     tm4c123gh6pm_startup_ccs.obj (.intvecs)

.text      0    0000026c    00003aa8     
                  0000026c    00000d9c     main_qei_test.obj (.text)
                  00001008    00000d60     GPIO.obj (.text)
                  00001d68    00000948     ENCODER.obj (.text)
                  000026b0    000006a4     QEI.obj (.text)
                  00002d54    00000648     UART.obj (.text)
                  0000339c    000003d8     MCU.obj (.text)
                  00003774    00000274     Det.obj (.text)
                  000039e8    0000009c     rtsv7M4_T_le_v4SPD16_eabi.lib : memcpy_t2.asm.obj (.text)
                  00003a84    00000096                                   : ull_div_t2.asm.obj (.text)
                  00003b1a    0000007a                                   : memset_t2.asm.obj (.text)
                  00003b94    00000068                                   : copy_decompress_lzss.c.obj (.text:decompress:lzss:__TI_decompress_lzss)
                  00003bfc    00000048                                   : ll_tofs_t2.asm.obj (.text)
                  00003c44    00000044                                   : autoinit.c.obj (.text:__TI_auto_init_nobinit_nopinit:__TI_auto_init_nobinit_nopinit)
                  00003c88    00000034                                   : boot_cortex_m.c.obj (.text:_c_int00_noargs:_c_int00_noargs)
                  00003cbc    0000001c                                   : copy_zero_init.c.obj (.text:decompress:ZI:__TI_zero_init_nomemset:__TI_zero_init_nomemset)
                  00003cd8    00000018                                   : ll_mul_t2.asm.obj (.text)
                  00003cf0    0000000e                                   : copy_decompress_none.c.obj (.text:decompress:none:__TI_decompress_none)
                  00003cfe    0000000c     tm4c123gh6pm_startup_ccs.obj (.text)
                  00003d0a    00000004     rtsv7M4_T_le_v4SPD16_eabi.lib : pre_init.c.obj (.text:_system_pre_init)
                  00003d0e    00000004                                   : exit.c.obj (.text:abort:abort)
                  00003d12    00000002                                   : div0.asm.obj (.text)

.const     0    00003d14    000001ac     
                  00003d14    000000c6     Gpio_PBCfg.obj (.const:Gpio_PinConfigurations)
                  00003dda    00000002     --HOLE-- [fill = 0]
                  00003ddc    00000050     ENCODER_PBCfg.obj (.const:Encoder_ChannelConfigs)
                  00003e2c    00000048     QEI_PBCfg.obj (.const:Qei_ChannelConfigs)
                  00003e74    00000020     UART.obj (.const:Uart_BaseAddress)
                  00003e94    00000018     Uart_PBCfg.obj (.const:Uart0_Config_115200)
                  00003eac    00000008     ENCODER_PBCfg.obj (.const:Encoder_Config)
                  00003eb4    00000008     Gpio_PBCfg.obj (.const:Gpio_Configuration)
                  00003ebc    00000004     Mcu_PBcfg.obj (.const:Mcu_Config_80MHz)

.cinit     0    00003ec0    00000040     
                  00003ec0    00000017     (.cinit..data.load) [load image, compression = lzss]
                  00003ed7    00000001     --HOLE-- [fill = 0]
                  00003ed8    0000000c     (__TI_handler_table)
                  00003ee4    00000004     --HOLE-- [fill = 0]
                  00003ee8    00000008     (.cinit..bss.load) [load image, compression = zero_init]
                  00003ef0    00000010     (__TI_cinit_table)

.init_array 
*          0    00000000    00000000     UNINITIALIZED

.bss       0    20000200    00000160     UNINITIALIZED
                  20000200    000000c0     Det.obj (.bss:Det_ErrorBuffer)
                  200002c0    00000060     UART.obj (.bss:Uart_RuntimeState)
                  20000320    00000040     ENCODER.obj (.bss:Encoder_ChannelStates)

.data      0    20000360    00000038     UNINITIALIZED
                  20000360    0000000d     MCU.obj (.data)
                  2000036d    00000002     QEI.obj (.data:Qei_ModuleStatus)
                  2000036f    00000001     --HOLE--
                  20000370    0000000c     Det.obj (.data)
                  2000037c    00000009     GPIO.obj (.data)
                  20000385    00000003     --HOLE--
                  20000388    00000008     QEI.obj (.data:Qei_ConfigPtrs)
                  20000390    00000004     ENCODER.obj (.data)
                  20000394    00000004     Mcu_PBcfg.obj (.data)

.stack     0    20000000    00000200     UNINITIALIZED
                  20000000    00000004     rtsv7M4_T_le_v4SPD16_eabi.lib : boot_cortex_m.c.obj (.stack)
                  20000004    000001fc     --HOLE--

__llvm_prf_cnts 
*          0    20000000    00000000     UNINITIALIZED

MODULE SUMMARY

       Module                         code    ro data   rw data
       ------                         ----    -------   -------
    .\
       main_qei_test.obj              3484    0         0      
       tm4c123gh6pm_startup_ccs.obj   12      620       0      
    +--+------------------------------+-------+---------+---------+
       Total:                         3496    620       0      
                                                               
    .\CONFIG\
       Det.obj                        628     0         204    
    +--+------------------------------+-------+---------+---------+
       Total:                         628     0         204    
                                                               
    .\ECUAL\ENCODER\
       ENCODER.obj                    2376    0         68     
       ENCODER_PBCfg.obj              0       88        0      
    +--+------------------------------+-------+---------+---------+
       Total:                         2376    88        68     
                                                               
    .\MCAL\GPIO\
       GPIO.obj                       3424    0         9      
       Gpio_PBCfg.obj                 0       206       0      
    +--+------------------------------+-------+---------+---------+
       Total:                         3424    206       9      
                                                               
    .\MCAL\MCU\
       MCU.obj                        984     0         13     
       Mcu_PBcfg.obj                  0       4         4      
    +--+------------------------------+-------+---------+---------+
       Total:                         984     4         17     
                                                               
    .\MCAL\QEI\
       QEI.obj                        1700    0         10     
       QEI_PBCfg.obj                  0       72        0      
    +--+------------------------------+-------+---------+---------+
       Total:                         1700    72        10     
                                                               
    .\MCAL\UART\
       UART.obj                       1608    32        96     
       Uart_PBCfg.obj                 0       24        0      
    +--+------------------------------+-------+---------+---------+
       Total:                         1608    56        96     
                                                               
    C:\ti\ccs1281\ccs\tools\compiler\ti-cgt-arm_20.2.7.LTS\lib\rtsv7M4_T_le_v4SPD16_eabi.lib
       memcpy_t2.asm.obj              156     0         0      
       ull_div_t2.asm.obj             150     0         0      
       memset_t2.asm.obj              122     0         0      
       copy_decompress_lzss.c.obj     104     0         0      
       ll_tofs_t2.asm.obj             72      0         0      
       autoinit.c.obj                 68      0         0      
       boot_cortex_m.c.obj            52      0         0      
       copy_zero_init.c.obj           28      0         0      
       ll_mul_t2.asm.obj              24      0         0      
       copy_decompress_none.c.obj     14      0         0      
       exit.c.obj                     4       0         0      
       pre_init.c.obj                 4       0         0      
       div0.asm.obj                   2       0         0      
    +--+------------------------------+-------+---------+---------+
       Total:                         800     0         0      
                                                               
       Stack:                         0       0         512    
       Linker Generated:              0       59        0      
    +--+------------------------------+-------+---------+---------+
       Grand Total:                   15016   1105      916    


LINKER GENERATED COPY TABLES

__TI_cinit_table @ 00003ef0 records: 2, size/record: 8, table size: 16
	.data: load addr=00003ec0, load size=00000017 bytes, run addr=20000360, run size=00000038 bytes, compression=lzss
	.bss: load addr=00003ee8, load size=00000008 bytes, run addr=20000200, run size=00000160 bytes, compression=zero_init


LINKER GENERATED HANDLER TABLE

__TI_handler_table @ 00003ed8 records: 3, size/record: 4, table size: 12
	index: 0, handler: __TI_decompress_lzss
	index: 1, handler: __TI_decompress_none
	index: 2, handler: __TI_zero_init


GLOBAL SYMBOLS: SORTED ALPHABETICALLY BY Name 

address   name                           
-------   ----                           
00003d0f  C$$EXIT                        
0000396f  Det_ClearErrorBuffer           
0000381b  Det_DeInit                     
000039a1  Det_GetErrorCount              
000038f9  Det_GetErrorReport             
000038bb  Det_GetVersionInfo             
000037df  Det_Init                       
0000385f  Det_ReportError                
000039a7  Det_SetCallback                
00003ddc  Encoder_ChannelConfigs         
00003eac  Encoder_Config                 
00002257  Encoder_DeInit                 
00002591  Encoder_GetData                
00002499  Encoder_GetDirection           
00002291  Encoder_GetPosition            
00002311  Encoder_GetPositionCounts      
0000235d  Encoder_GetPositionDegrees     
00002347  Encoder_GetPositionRevolutions 
000024e7  Encoder_GetStatus              
000023df  Encoder_GetVelocity            
00002429  Encoder_GetVelocityCountsPerSec
00002487  Encoder_GetVelocityRPM         
00002675  Encoder_GetVersionInfo         
000021d1  Encoder_Init                   
0000250d  Encoder_ResetPosition          
00002545  Encoder_SetPosition            
00002611  Encoder_Update                 
0000263d  Encoder_UpdateAll              
00001c81  Gpio_ClearInterrupt            
00003eb4  Gpio_Configuration             
00001c17  Gpio_DisableInterrupt          
00001bb1  Gpio_EnableInterrupt           
0000188d  Gpio_FlipChannel               
00001ced  Gpio_GetInterruptStatus        
00001935  Gpio_GetVersionInfo            
00001665  Gpio_Init                      
000016e9  Gpio_ReadChannel               
00001ac1  Gpio_ReadChannelGroup          
000017eb  Gpio_ReadPort                  
000019fd  Gpio_RefreshPortDirection      
00001975  Gpio_SetPinDirection           
00001767  Gpio_WriteChannel              
00001b33  Gpio_WriteChannelGroup         
00001843  Gpio_WritePort                 
20000394  Mcu_ConfigPtr                  
00003ebc  Mcu_Config_80MHz               
00003545  Mcu_DisablePeripheralClock     
000033e7  Mcu_DistributePllClock         
00003507  Mcu_EnablePeripheralClock      
00003421  Mcu_GetPllStatus               
0000348d  Mcu_GetResetRawValue           
0000343b  Mcu_GetResetReason             
000034f7  Mcu_GetSystemClock             
0000339d  Mcu_Init                       
000033bf  Mcu_InitClock                  
0000349d  Mcu_PerformReset               
000034a5  Mcu_SetMode                    
0000029b  PrintTestHeader                
000002c1  PrintTestResult                
0000026d  QEI0_Handler                   
00003e2c  Qei_ChannelConfigs             
00002c7b  Qei_ClearInterrupt             
00002c41  Qei_ClearInterruptModule       
00002a5b  Qei_DeInit                     
00002c2d  Qei_DisableInterrupt           
00002bed  Qei_DisableInterruptModule     
00002bdf  Qei_EnableInterrupt            
00002b9f  Qei_EnableInterruptModule      
00002cf5  Qei_GetDirection               
00002caf  Qei_GetDirectionModule         
00002abd  Qei_GetPosition                
00002a85  Qei_GetPositionModule          
00002ca9  Qei_GetStatus                  
00002c89  Qei_GetStatusModule            
00002b95  Qei_GetVelocity                
00002b2f  Qei_GetVelocityModule          
00002d05  Qei_GetVersionInfo             
000029f5  Qei_Init                       
00002a01  Qei_InitModule                 
00002d3d  Qei_Qei0Handler                
00002d47  Qei_Qei1Handler                
00002b21  Qei_SetPosition                
00002ac7  Qei_SetPositionModule          
00003cff  ResetISR                       
00000277  SimpleDelay                    
000008db  Test_Encoder_DeInit            
00000575  Test_Encoder_Direction         
000003cb  Test_Encoder_Init              
000006f1  Test_Encoder_InterruptControl  
0000072f  Test_Encoder_MultipleReads     
000007cb  Test_Encoder_PositionIncrement 
00000423  Test_Encoder_PositionRead      
0000048b  Test_Encoder_PositionSet       
00000679  Test_Encoder_PositionWrap      
00000861  Test_Encoder_Status            
0000062f  Test_Encoder_Velocity          
00000275  Timer2A_Handler                
00003e94  Uart0_Config_115200            
00002fa7  Uart_DeInit                    
000032a7  Uart_GetStatus                 
00003361  Uart_GetVersionInfo            
00002e0b  Uart_Init                      
00003329  Uart_IsRxDataAvailable         
000032f1  Uart_IsTxFifoEmpty             
000030c5  Uart_ReceiveByte               
00003205  Uart_SendBuffer                
0000304d  Uart_SendByte                  
000002fd  Uart_SendInt                   
000003a1  Uart_SendIntSigned             
00003169  Uart_SendString                
20000200  __STACK_END                    
00000200  __STACK_SIZE                   
20000200  __STACK_TOP                    
00003ef0  __TI_CINIT_Base                
00003f00  __TI_CINIT_Limit               
00003ed8  __TI_Handler_Table_Base        
00003ee4  __TI_Handler_Table_Limit       
00003c45  __TI_auto_init_nobinit_nopinit 
00003b95  __TI_decompress_lzss           
00003cf1  __TI_decompress_none           
ffffffff  __TI_pprof_out_hndl            
ffffffff  __TI_prof_data_size            
ffffffff  __TI_prof_data_start           
00000000  __TI_static_base__             
00003cbd  __TI_zero_init_nomemset        
00003d13  __aeabi_idiv0                  
00003bfd  __aeabi_l2f                    
00003d13  __aeabi_ldiv0                  
00003cd9  __aeabi_lmul                   
00003b1b  __aeabi_memclr                 
00003b1b  __aeabi_memclr4                
00003b1b  __aeabi_memclr8                
000039e9  __aeabi_memcpy                 
000039e9  __aeabi_memcpy4                
000039e9  __aeabi_memcpy8                
00003b1d  __aeabi_memset                 
00003b1d  __aeabi_memset4                
00003b1d  __aeabi_memset8                
00003a85  __aeabi_uldivmod               
ffffffff  __binit__                      
ffffffff  __c_args__                     
UNDEFED   __mpu_init                     
20000000  __stack                        
20000000  __start___llvm_prf_cnts        
20000000  __stop___llvm_prf_cnts         
00003c89  _c_int00_noargs                
UNDEFED   _system_post_cinit             
00003d0b  _system_pre_init               
00003d0f  abort                          
ffffffff  binit                          
00000000  g_pfnVectors                   
00000a79  main                           
000039e9  memcpy                         
00003b23  memset                         


GLOBAL SYMBOLS: SORTED BY Symbol Address 

address   name                           
-------   ----                           
00000000  __TI_static_base__             
00000000  g_pfnVectors                   
00000200  __STACK_SIZE                   
0000026d  QEI0_Handler                   
00000275  Timer2A_Handler                
00000277  SimpleDelay                    
0000029b  PrintTestHeader                
000002c1  PrintTestResult                
000002fd  Uart_SendInt                   
000003a1  Uart_SendIntSigned             
000003cb  Test_Encoder_Init              
00000423  Test_Encoder_PositionRead      
0000048b  Test_Encoder_PositionSet       
00000575  Test_Encoder_Direction         
0000062f  Test_Encoder_Velocity          
00000679  Test_Encoder_PositionWrap      
000006f1  Test_Encoder_InterruptControl  
0000072f  Test_Encoder_MultipleReads     
000007cb  Test_Encoder_PositionIncrement 
00000861  Test_Encoder_Status            
000008db  Test_Encoder_DeInit            
00000a79  main                           
00001665  Gpio_Init                      
000016e9  Gpio_ReadChannel               
00001767  Gpio_WriteChannel              
000017eb  Gpio_ReadPort                  
00001843  Gpio_WritePort                 
0000188d  Gpio_FlipChannel               
00001935  Gpio_GetVersionInfo            
00001975  Gpio_SetPinDirection           
000019fd  Gpio_RefreshPortDirection      
00001ac1  Gpio_ReadChannelGroup          
00001b33  Gpio_WriteChannelGroup         
00001bb1  Gpio_EnableInterrupt           
00001c17  Gpio_DisableInterrupt          
00001c81  Gpio_ClearInterrupt            
00001ced  Gpio_GetInterruptStatus        
000021d1  Encoder_Init                   
00002257  Encoder_DeInit                 
00002291  Encoder_GetPosition            
00002311  Encoder_GetPositionCounts      
00002347  Encoder_GetPositionRevolutions 
0000235d  Encoder_GetPositionDegrees     
000023df  Encoder_GetVelocity            
00002429  Encoder_GetVelocityCountsPerSec
00002487  Encoder_GetVelocityRPM         
00002499  Encoder_GetDirection           
000024e7  Encoder_GetStatus              
0000250d  Encoder_ResetPosition          
00002545  Encoder_SetPosition            
00002591  Encoder_GetData                
00002611  Encoder_Update                 
0000263d  Encoder_UpdateAll              
00002675  Encoder_GetVersionInfo         
000029f5  Qei_Init                       
00002a01  Qei_InitModule                 
00002a5b  Qei_DeInit                     
00002a85  Qei_GetPositionModule          
00002abd  Qei_GetPosition                
00002ac7  Qei_SetPositionModule          
00002b21  Qei_SetPosition                
00002b2f  Qei_GetVelocityModule          
00002b95  Qei_GetVelocity                
00002b9f  Qei_EnableInterruptModule      
00002bdf  Qei_EnableInterrupt            
00002bed  Qei_DisableInterruptModule     
00002c2d  Qei_DisableInterrupt           
00002c41  Qei_ClearInterruptModule       
00002c7b  Qei_ClearInterrupt             
00002c89  Qei_GetStatusModule            
00002ca9  Qei_GetStatus                  
00002caf  Qei_GetDirectionModule         
00002cf5  Qei_GetDirection               
00002d05  Qei_GetVersionInfo             
00002d3d  Qei_Qei0Handler                
00002d47  Qei_Qei1Handler                
00002e0b  Uart_Init                      
00002fa7  Uart_DeInit                    
0000304d  Uart_SendByte                  
000030c5  Uart_ReceiveByte               
00003169  Uart_SendString                
00003205  Uart_SendBuffer                
000032a7  Uart_GetStatus                 
000032f1  Uart_IsTxFifoEmpty             
00003329  Uart_IsRxDataAvailable         
00003361  Uart_GetVersionInfo            
0000339d  Mcu_Init                       
000033bf  Mcu_InitClock                  
000033e7  Mcu_DistributePllClock         
00003421  Mcu_GetPllStatus               
0000343b  Mcu_GetResetReason             
0000348d  Mcu_GetResetRawValue           
0000349d  Mcu_PerformReset               
000034a5  Mcu_SetMode                    
000034f7  Mcu_GetSystemClock             
00003507  Mcu_EnablePeripheralClock      
00003545  Mcu_DisablePeripheralClock     
000037df  Det_Init                       
0000381b  Det_DeInit                     
0000385f  Det_ReportError                
000038bb  Det_GetVersionInfo             
000038f9  Det_GetErrorReport             
0000396f  Det_ClearErrorBuffer           
000039a1  Det_GetErrorCount              
000039a7  Det_SetCallback                
000039e9  __aeabi_memcpy                 
000039e9  __aeabi_memcpy4                
000039e9  __aeabi_memcpy8                
000039e9  memcpy                         
00003a85  __aeabi_uldivmod               
00003b1b  __aeabi_memclr                 
00003b1b  __aeabi_memclr4                
00003b1b  __aeabi_memclr8                
00003b1d  __aeabi_memset                 
00003b1d  __aeabi_memset4                
00003b1d  __aeabi_memset8                
00003b23  memset                         
00003b95  __TI_decompress_lzss           
00003bfd  __aeabi_l2f                    
00003c45  __TI_auto_init_nobinit_nopinit 
00003c89  _c_int00_noargs                
00003cbd  __TI_zero_init_nomemset        
00003cd9  __aeabi_lmul                   
00003cf1  __TI_decompress_none           
00003cff  ResetISR                       
00003d0b  _system_pre_init               
00003d0f  C$$EXIT                        
00003d0f  abort                          
00003d13  __aeabi_idiv0                  
00003d13  __aeabi_ldiv0                  
00003ddc  Encoder_ChannelConfigs         
00003e2c  Qei_ChannelConfigs             
00003e94  Uart0_Config_115200            
00003eac  Encoder_Config                 
00003eb4  Gpio_Configuration             
00003ebc  Mcu_Config_80MHz               
00003ed8  __TI_Handler_Table_Base        
00003ee4  __TI_Handler_Table_Limit       
00003ef0  __TI_CINIT_Base                
00003f00  __TI_CINIT_Limit               
20000000  __stack                        
20000000  __start___llvm_prf_cnts        
20000000  __stop___llvm_prf_cnts         
20000200  __STACK_END                    
20000200  __STACK_TOP                    
20000394  Mcu_ConfigPtr                  
ffffffff  __TI_pprof_out_hndl            
ffffffff  __TI_prof_data_size            
ffffffff  __TI_prof_data_start           
ffffffff  __binit__                      
ffffffff  __c_args__                     
ffffffff  binit                          
UNDEFED   __mpu_init                     
UNDEFED   _system_post_cinit             

[154 symbols]
