<?xml version="1.0" encoding="ISO-8859-1" ?>
<link_info>
   <banner>TI ARM Linker PC v20.2.7.LTS</banner>
   <copyright>Copyright (c) 1996-2018 Texas Instruments Incorporated</copyright>
   <link_time>0x6937e6fb</link_time>
   <link_errors>0x0</link_errors>
   <output_file>Graduation_Project.out</output_file>
   <entry_point>
      <name>_c_int00_noargs</name>
      <address>0x2fbd</address>
   </entry_point>
   <input_file_list>
      <input_file id="fl-2">
         <path>.\</path>
         <kind>object</kind>
         <file>main.obj</file>
         <name>main.obj</name>
      </input_file>
      <input_file id="fl-3">
         <path>.\</path>
         <kind>object</kind>
         <file>main_gps_production.obj</file>
         <name>main_gps_production.obj</name>
      </input_file>
      <input_file id="fl-4">
         <path>.\</path>
         <kind>object</kind>
         <file>main_imu_test.obj</file>
         <name>main_imu_test.obj</name>
      </input_file>
      <input_file id="fl-5">
         <path>.\</path>
         <kind>object</kind>
         <file>main_mcu_test.obj</file>
         <name>main_mcu_test.obj</name>
      </input_file>
      <input_file id="fl-6">
         <path>.\</path>
         <kind>object</kind>
         <file>main_nvic_test.obj</file>
         <name>main_nvic_test.obj</name>
      </input_file>
      <input_file id="fl-7">
         <path>.\</path>
         <kind>object</kind>
         <file>main_qei_test.obj</file>
         <name>main_qei_test.obj</name>
      </input_file>
      <input_file id="fl-8">
         <path>.\</path>
         <kind>object</kind>
         <file>main_ros2.obj</file>
         <name>main_ros2.obj</name>
      </input_file>
      <input_file id="fl-9">
         <path>.\</path>
         <kind>object</kind>
         <file>main_wdg_test.obj</file>
         <name>main_wdg_test.obj</name>
      </input_file>
      <input_file id="fl-a">
         <path>.\</path>
         <kind>object</kind>
         <file>tm4c123gh6pm_startup_ccs.obj</file>
         <name>tm4c123gh6pm_startup_ccs.obj</name>
      </input_file>
      <input_file id="fl-b">
         <path>.\APP\</path>
         <kind>object</kind>
         <file>App_ControlTask.obj</file>
         <name>App_ControlTask.obj</name>
      </input_file>
      <input_file id="fl-c">
         <path>.\APP\</path>
         <kind>object</kind>
         <file>App_Main.obj</file>
         <name>App_Main.obj</name>
      </input_file>
      <input_file id="fl-d">
         <path>.\APP\</path>
         <kind>object</kind>
         <file>App_SafteyTask.obj</file>
         <name>App_SafteyTask.obj</name>
      </input_file>
      <input_file id="fl-e">
         <path>.\APP\</path>
         <kind>object</kind>
         <file>App_SensorTask.obj</file>
         <name>App_SensorTask.obj</name>
      </input_file>
      <input_file id="fl-f">
         <path>.\APP\</path>
         <kind>object</kind>
         <file>App_commTask.obj</file>
         <name>App_commTask.obj</name>
      </input_file>
      <input_file id="fl-10">
         <path>.\CONFIG\</path>
         <kind>object</kind>
         <file>Det.obj</file>
         <name>Det.obj</name>
      </input_file>
      <input_file id="fl-11">
         <path>.\ECUAL\Button\</path>
         <kind>object</kind>
         <file>Button.obj</file>
         <name>Button.obj</name>
      </input_file>
      <input_file id="fl-12">
         <path>.\ECUAL\Button\</path>
         <kind>object</kind>
         <file>Button_PBCfg.obj</file>
         <name>Button_PBCfg.obj</name>
      </input_file>
      <input_file id="fl-13">
         <path>.\ECUAL\ENCODER\</path>
         <kind>object</kind>
         <file>ENCODER.obj</file>
         <name>ENCODER.obj</name>
      </input_file>
      <input_file id="fl-14">
         <path>.\ECUAL\ENCODER\</path>
         <kind>object</kind>
         <file>ENCODER_PBCfg.obj</file>
         <name>ENCODER_PBCfg.obj</name>
      </input_file>
      <input_file id="fl-15">
         <path>.\ECUAL\GPS\</path>
         <kind>object</kind>
         <file>GPS.obj</file>
         <name>GPS.obj</name>
      </input_file>
      <input_file id="fl-16">
         <path>.\ECUAL\GPS\</path>
         <kind>object</kind>
         <file>GPS_PBCfg.obj</file>
         <name>GPS_PBCfg.obj</name>
      </input_file>
      <input_file id="fl-17">
         <path>.\ECUAL\IMU\</path>
         <kind>object</kind>
         <file>IMU.obj</file>
         <name>IMU.obj</name>
      </input_file>
      <input_file id="fl-18">
         <path>.\ECUAL\IMU\</path>
         <kind>object</kind>
         <file>IMU_PBCfg.obj</file>
         <name>IMU_PBCfg.obj</name>
      </input_file>
      <input_file id="fl-19">
         <path>.\ECUAL\LED\</path>
         <kind>object</kind>
         <file>LED.obj</file>
         <name>LED.obj</name>
      </input_file>
      <input_file id="fl-1a">
         <path>.\ECUAL\LED\</path>
         <kind>object</kind>
         <file>Led_PBCfg.obj</file>
         <name>Led_PBCfg.obj</name>
      </input_file>
      <input_file id="fl-1b">
         <path>.\ECUAL\MOTOR\</path>
         <kind>object</kind>
         <file>MOTOR.obj</file>
         <name>MOTOR.obj</name>
      </input_file>
      <input_file id="fl-1c">
         <path>.\FreeRTOS\Source\</path>
         <kind>object</kind>
         <file>croutine.obj</file>
         <name>croutine.obj</name>
      </input_file>
      <input_file id="fl-1d">
         <path>.\FreeRTOS\Source\</path>
         <kind>object</kind>
         <file>event_groups.obj</file>
         <name>event_groups.obj</name>
      </input_file>
      <input_file id="fl-1e">
         <path>.\FreeRTOS\Source\</path>
         <kind>object</kind>
         <file>list.obj</file>
         <name>list.obj</name>
      </input_file>
      <input_file id="fl-1f">
         <path>.\FreeRTOS\Source\</path>
         <kind>object</kind>
         <file>queue.obj</file>
         <name>queue.obj</name>
      </input_file>
      <input_file id="fl-20">
         <path>.\FreeRTOS\Source\</path>
         <kind>object</kind>
         <file>tasks.obj</file>
         <name>tasks.obj</name>
      </input_file>
      <input_file id="fl-21">
         <path>.\FreeRTOS\Source\</path>
         <kind>object</kind>
         <file>timers.obj</file>
         <name>timers.obj</name>
      </input_file>
      <input_file id="fl-22">
         <path>.\FreeRTOS\Source\portable\CCS\ARM_CM3\</path>
         <kind>object</kind>
         <file>port.obj</file>
         <name>port.obj</name>
      </input_file>
      <input_file id="fl-23">
         <path>.\FreeRTOS\Source\portable\CCS\ARM_CM3\</path>
         <kind>object</kind>
         <file>portasm.obj</file>
         <name>portasm.obj</name>
      </input_file>
      <input_file id="fl-24">
         <path>.\FreeRTOS\Source\portable\MemMang\</path>
         <kind>object</kind>
         <file>heap_4.obj</file>
         <name>heap_4.obj</name>
      </input_file>
      <input_file id="fl-25">
         <path>.\MCAL\GPIO\</path>
         <kind>object</kind>
         <file>GPIO.obj</file>
         <name>GPIO.obj</name>
      </input_file>
      <input_file id="fl-26">
         <path>.\MCAL\GPIO\</path>
         <kind>object</kind>
         <file>Gpio_PBCfg.obj</file>
         <name>Gpio_PBCfg.obj</name>
      </input_file>
      <input_file id="fl-27">
         <path>.\MCAL\I2C\</path>
         <kind>object</kind>
         <file>I2C.obj</file>
         <name>I2C.obj</name>
      </input_file>
      <input_file id="fl-28">
         <path>.\MCAL\I2C\</path>
         <kind>object</kind>
         <file>I2C_PBCfg.obj</file>
         <name>I2C_PBCfg.obj</name>
      </input_file>
      <input_file id="fl-29">
         <path>.\MCAL\MCU\</path>
         <kind>object</kind>
         <file>MCU.obj</file>
         <name>MCU.obj</name>
      </input_file>
      <input_file id="fl-2a">
         <path>.\MCAL\MCU\</path>
         <kind>object</kind>
         <file>Mcu_PBcfg.obj</file>
         <name>Mcu_PBcfg.obj</name>
      </input_file>
      <input_file id="fl-2b">
         <path>.\MCAL\NVIC\</path>
         <kind>object</kind>
         <file>NVIC.obj</file>
         <name>NVIC.obj</name>
      </input_file>
      <input_file id="fl-2c">
         <path>.\MCAL\NVIC\</path>
         <kind>object</kind>
         <file>NVIC_PBCfg.obj</file>
         <name>NVIC_PBCfg.obj</name>
      </input_file>
      <input_file id="fl-2d">
         <path>.\MCAL\PWM\</path>
         <kind>object</kind>
         <file>PWM.obj</file>
         <name>PWM.obj</name>
      </input_file>
      <input_file id="fl-2e">
         <path>.\MCAL\PWM\</path>
         <kind>object</kind>
         <file>PWM_PBCfg.obj</file>
         <name>PWM_PBCfg.obj</name>
      </input_file>
      <input_file id="fl-2f">
         <path>.\MCAL\QEI\</path>
         <kind>object</kind>
         <file>QEI.obj</file>
         <name>QEI.obj</name>
      </input_file>
      <input_file id="fl-30">
         <path>.\MCAL\QEI\</path>
         <kind>object</kind>
         <file>QEI_PBCfg.obj</file>
         <name>QEI_PBCfg.obj</name>
      </input_file>
      <input_file id="fl-31">
         <path>.\MCAL\TIMER\</path>
         <kind>object</kind>
         <file>TIMER.obj</file>
         <name>TIMER.obj</name>
      </input_file>
      <input_file id="fl-32">
         <path>.\MCAL\TIMER\</path>
         <kind>object</kind>
         <file>Timer_PBCfg.obj</file>
         <name>Timer_PBCfg.obj</name>
      </input_file>
      <input_file id="fl-33">
         <path>.\MCAL\UART\</path>
         <kind>object</kind>
         <file>UART.obj</file>
         <name>UART.obj</name>
      </input_file>
      <input_file id="fl-34">
         <path>.\MCAL\UART\</path>
         <kind>object</kind>
         <file>Uart_PBCfg.obj</file>
         <name>Uart_PBCfg.obj</name>
      </input_file>
      <input_file id="fl-35">
         <path>.\MCAL\WDG\</path>
         <kind>object</kind>
         <file>WDG.obj</file>
         <name>WDG.obj</name>
      </input_file>
      <input_file id="fl-36">
         <path>.\MCAL\WDG\</path>
         <kind>object</kind>
         <file>WDG_PBCfg.obj</file>
         <name>WDG_PBCfg.obj</name>
      </input_file>
      <input_file id="fl-37">
         <path>.\SERVICES\COMM\</path>
         <kind>object</kind>
         <file>ComStack.obj</file>
         <name>ComStack.obj</name>
      </input_file>
      <input_file id="fl-38">
         <path>.\SERVICES\COMM\</path>
         <kind>object</kind>
         <file>UART_ComBridge.obj</file>
         <name>UART_ComBridge.obj</name>
      </input_file>
      <input_file id="fl-39">
         <path>.\SERVICES\DIAG\</path>
         <kind>object</kind>
         <file>Diagnostics.obj</file>
         <name>Diagnostics.obj</name>
      </input_file>
      <input_file id="fl-3a">
         <path>.\SERVICES\PID\</path>
         <kind>object</kind>
         <file>PID.obj</file>
         <name>PID.obj</name>
      </input_file>
      <input_file id="fl-3b">
         <path>.\SERVICES\PID\</path>
         <kind>object</kind>
         <file>PID_PBCfg.obj</file>
         <name>PID_PBCfg.obj</name>
      </input_file>
      <input_file id="fl-3c">
         <path>.\SERVICES\RTOS\</path>
         <kind>object</kind>
         <file>Tasks_Init.obj</file>
         <name>Tasks_Init.obj</name>
      </input_file>
      <input_file id="fl-3d">
         <path>.\SERVICES\SYSTEM\</path>
         <kind>object</kind>
         <file>System_Init.obj</file>
         <name>System_Init.obj</name>
      </input_file>
      <input_file id="fl-3e">
         <path>.\SERVICES\SYSTEM\</path>
         <kind>object</kind>
         <file>System_Tasks.obj</file>
         <name>System_Tasks.obj</name>
      </input_file>
      <input_file id="fl-42">
         <kind>object</kind>
         <file>&lt;internal&gt;</file>
         <name>&lt;internal&gt;</name>
      </input_file>
      <input_file id="fl-f8">
         <path>C:\ti\ccs1281\ccs\tools\compiler\ti-cgt-arm_20.2.7.LTS\lib\</path>
         <kind>archive</kind>
         <file>rtsv7M4_T_le_v4SPD16_eabi.lib</file>
         <name>fd_tos_t2.asm.obj</name>
      </input_file>
      <input_file id="fl-f9">
         <path>C:\ti\ccs1281\ccs\tools\compiler\ti-cgt-arm_20.2.7.LTS\lib\</path>
         <kind>archive</kind>
         <file>rtsv7M4_T_le_v4SPD16_eabi.lib</file>
         <name>memcpy_t2.asm.obj</name>
      </input_file>
      <input_file id="fl-fa">
         <path>C:\ti\ccs1281\ccs\tools\compiler\ti-cgt-arm_20.2.7.LTS\lib\</path>
         <kind>archive</kind>
         <file>rtsv7M4_T_le_v4SPD16_eabi.lib</file>
         <name>memset_t2.asm.obj</name>
      </input_file>
      <input_file id="fl-fb">
         <path>C:\ti\ccs1281\ccs\tools\compiler\ti-cgt-arm_20.2.7.LTS\lib\</path>
         <kind>archive</kind>
         <file>rtsv7M4_T_le_v4SPD16_eabi.lib</file>
         <name>ull_div_t2.asm.obj</name>
      </input_file>
      <input_file id="fl-fc">
         <path>C:\ti\ccs1281\ccs\tools\compiler\ti-cgt-arm_20.2.7.LTS\lib\</path>
         <kind>archive</kind>
         <file>rtsv7M4_T_le_v4SPD16_eabi.lib</file>
         <name>copy_zero_init.c.obj</name>
      </input_file>
      <input_file id="fl-fd">
         <path>C:\ti\ccs1281\ccs\tools\compiler\ti-cgt-arm_20.2.7.LTS\lib\</path>
         <kind>archive</kind>
         <file>rtsv7M4_T_le_v4SPD16_eabi.lib</file>
         <name>copy_decompress_none.c.obj</name>
      </input_file>
      <input_file id="fl-fe">
         <path>C:\ti\ccs1281\ccs\tools\compiler\ti-cgt-arm_20.2.7.LTS\lib\</path>
         <kind>archive</kind>
         <file>rtsv7M4_T_le_v4SPD16_eabi.lib</file>
         <name>copy_decompress_lzss.c.obj</name>
      </input_file>
      <input_file id="fl-ff">
         <path>C:\ti\ccs1281\ccs\tools\compiler\ti-cgt-arm_20.2.7.LTS\lib\</path>
         <kind>archive</kind>
         <file>rtsv7M4_T_le_v4SPD16_eabi.lib</file>
         <name>atof.c.obj</name>
      </input_file>
      <input_file id="fl-100">
         <path>C:\ti\ccs1281\ccs\tools\compiler\ti-cgt-arm_20.2.7.LTS\lib\</path>
         <kind>archive</kind>
         <file>rtsv7M4_T_le_v4SPD16_eabi.lib</file>
         <name>atoi.c.obj</name>
      </input_file>
      <input_file id="fl-101">
         <path>C:\ti\ccs1281\ccs\tools\compiler\ti-cgt-arm_20.2.7.LTS\lib\</path>
         <kind>archive</kind>
         <file>rtsv7M4_T_le_v4SPD16_eabi.lib</file>
         <name>ctype.c.obj</name>
      </input_file>
      <input_file id="fl-102">
         <path>C:\ti\ccs1281\ccs\tools\compiler\ti-cgt-arm_20.2.7.LTS\lib\</path>
         <kind>archive</kind>
         <file>rtsv7M4_T_le_v4SPD16_eabi.lib</file>
         <name>strcmp.c.obj</name>
      </input_file>
      <input_file id="fl-103">
         <path>C:\ti\ccs1281\ccs\tools\compiler\ti-cgt-arm_20.2.7.LTS\lib\</path>
         <kind>archive</kind>
         <file>rtsv7M4_T_le_v4SPD16_eabi.lib</file>
         <name>strtod.c.obj</name>
      </input_file>
      <input_file id="fl-104">
         <path>C:\ti\ccs1281\ccs\tools\compiler\ti-cgt-arm_20.2.7.LTS\lib\</path>
         <kind>archive</kind>
         <file>rtsv7M4_T_le_v4SPD16_eabi.lib</file>
         <name>boot_cortex_m.c.obj</name>
      </input_file>
      <input_file id="fl-105">
         <path>C:\ti\ccs1281\ccs\tools\compiler\ti-cgt-arm_20.2.7.LTS\lib\</path>
         <kind>archive</kind>
         <file>rtsv7M4_T_le_v4SPD16_eabi.lib</file>
         <name>errno.c.obj</name>
      </input_file>
      <input_file id="fl-106">
         <path>C:\ti\ccs1281\ccs\tools\compiler\ti-cgt-arm_20.2.7.LTS\lib\</path>
         <kind>archive</kind>
         <file>rtsv7M4_T_le_v4SPD16_eabi.lib</file>
         <name>s_scalbn.c.obj</name>
      </input_file>
      <input_file id="fl-107">
         <path>C:\ti\ccs1281\ccs\tools\compiler\ti-cgt-arm_20.2.7.LTS\lib\</path>
         <kind>archive</kind>
         <file>rtsv7M4_T_le_v4SPD16_eabi.lib</file>
         <name>div0.asm.obj</name>
      </input_file>
      <input_file id="fl-108">
         <path>C:\ti\ccs1281\ccs\tools\compiler\ti-cgt-arm_20.2.7.LTS\lib\</path>
         <kind>archive</kind>
         <file>rtsv7M4_T_le_v4SPD16_eabi.lib</file>
         <name>fd_add_t2.asm.obj</name>
      </input_file>
      <input_file id="fl-109">
         <path>C:\ti\ccs1281\ccs\tools\compiler\ti-cgt-arm_20.2.7.LTS\lib\</path>
         <kind>archive</kind>
         <file>rtsv7M4_T_le_v4SPD16_eabi.lib</file>
         <name>fd_cmp_t2.asm.obj</name>
      </input_file>
      <input_file id="fl-10a">
         <path>C:\ti\ccs1281\ccs\tools\compiler\ti-cgt-arm_20.2.7.LTS\lib\</path>
         <kind>archive</kind>
         <file>rtsv7M4_T_le_v4SPD16_eabi.lib</file>
         <name>fd_div_t2.asm.obj</name>
      </input_file>
      <input_file id="fl-10b">
         <path>C:\ti\ccs1281\ccs\tools\compiler\ti-cgt-arm_20.2.7.LTS\lib\</path>
         <kind>archive</kind>
         <file>rtsv7M4_T_le_v4SPD16_eabi.lib</file>
         <name>fd_mul_t2.asm.obj</name>
      </input_file>
      <input_file id="fl-10c">
         <path>C:\ti\ccs1281\ccs\tools\compiler\ti-cgt-arm_20.2.7.LTS\lib\</path>
         <kind>archive</kind>
         <file>rtsv7M4_T_le_v4SPD16_eabi.lib</file>
         <name>autoinit.c.obj</name>
      </input_file>
      <input_file id="fl-10d">
         <path>C:\ti\ccs1281\ccs\tools\compiler\ti-cgt-arm_20.2.7.LTS\lib\</path>
         <kind>archive</kind>
         <file>rtsv7M4_T_le_v4SPD16_eabi.lib</file>
         <name>pre_init.c.obj</name>
      </input_file>
      <input_file id="fl-10e">
         <path>C:\ti\ccs1281\ccs\tools\compiler\ti-cgt-arm_20.2.7.LTS\lib\</path>
         <kind>archive</kind>
         <file>rtsv7M4_T_le_v4SPD16_eabi.lib</file>
         <name>cpy_tbl.c.obj</name>
      </input_file>
      <input_file id="fl-10f">
         <path>C:\ti\ccs1281\ccs\tools\compiler\ti-cgt-arm_20.2.7.LTS\lib\</path>
         <kind>archive</kind>
         <file>rtsv7M4_T_le_v4SPD16_eabi.lib</file>
         <name>exit.c.obj</name>
      </input_file>
      <input_file id="fl-110">
         <path>C:\ti\ccs1281\ccs\tools\compiler\ti-cgt-arm_20.2.7.LTS\lib\</path>
         <kind>archive</kind>
         <file>rtsv7M4_T_le_v4SPD16_eabi.lib</file>
         <name>_lock.c.obj</name>
      </input_file>
      <input_file id="fl-111">
         <path>C:\ti\ccs1281\ccs\tools\compiler\ti-cgt-arm_20.2.7.LTS\lib\</path>
         <kind>archive</kind>
         <file>rtsv7M4_T_le_v4SPD16_eabi.lib</file>
         <name>args_main.c.obj</name>
      </input_file>
      <input_file id="fl-112">
         <path>C:\ti\ccs1281\ccs\tools\compiler\ti-cgt-arm_20.2.7.LTS\lib\</path>
         <kind>archive</kind>
         <file>rtsv7M4_T_le_v4SPD16_eabi.lib</file>
         <name>s_copysign.c.obj</name>
      </input_file>
   </input_file_list>
   <object_component_list>
      <object_component id="oc-12">
         <name>.intvecs</name>
         <load_address>0x0</load_address>
         <run_address>0x0</run_address>
         <size>0x26c</size>
         <input_file_ref idref="fl-a"/>
      </object_component>
      <object_component id="oc-8c">
         <name>.text</name>
         <load_address>0x26c</load_address>
         <run_address>0x26c</run_address>
         <size>0xd60</size>
         <input_file_ref idref="fl-25"/>
      </object_component>
      <object_component id="oc-2d">
         <name>.text</name>
         <load_address>0xfcc</load_address>
         <run_address>0xfcc</run_address>
         <size>0xc60</size>
         <input_file_ref idref="fl-7"/>
      </object_component>
      <object_component id="oc-7a">
         <name>.text</name>
         <load_address>0x1c2c</load_address>
         <run_address>0x1c2c</run_address>
         <size>0x648</size>
         <input_file_ref idref="fl-33"/>
      </object_component>
      <object_component id="oc-74">
         <name>.text</name>
         <load_address>0x2274</load_address>
         <run_address>0x2274</run_address>
         <size>0x538</size>
         <input_file_ref idref="fl-2f"/>
      </object_component>
      <object_component id="oc-86">
         <name>.text</name>
         <load_address>0x27ac</load_address>
         <run_address>0x27ac</run_address>
         <size>0x3d8</size>
         <input_file_ref idref="fl-29"/>
      </object_component>
      <object_component id="oc-e5">
         <name>.text</name>
         <load_address>0x2b84</load_address>
         <run_address>0x2b84</run_address>
         <size>0x274</size>
         <input_file_ref idref="fl-10"/>
      </object_component>
      <object_component id="oc-41">
         <name>.text</name>
         <load_address>0x2df8</load_address>
         <run_address>0x2df8</run_address>
         <size>0x9c</size>
         <input_file_ref idref="fl-f9"/>
      </object_component>
      <object_component id="oc-cd">
         <name>.text</name>
         <load_address>0x2e94</load_address>
         <run_address>0x2e94</run_address>
         <size>0x7a</size>
         <input_file_ref idref="fl-fa"/>
      </object_component>
      <object_component id="oc-15">
         <name>.text:decompress:lzss:__TI_decompress_lzss</name>
         <load_address>0x2f0e</load_address>
         <run_address>0x2f0e</run_address>
         <size>0x68</size>
         <input_file_ref idref="fl-fe"/>
      </object_component>
      <object_component id="oc-14d">
         <name>.text:__TI_auto_init_nobinit_nopinit:__TI_auto_init_nobinit_nopinit</name>
         <load_address>0x2f78</load_address>
         <run_address>0x2f78</run_address>
         <size>0x44</size>
         <input_file_ref idref="fl-10c"/>
      </object_component>
      <object_component id="oc-5f">
         <name>.text:_c_int00_noargs:_c_int00_noargs</name>
         <load_address>0x2fbc</load_address>
         <run_address>0x2fbc</run_address>
         <size>0x34</size>
         <input_file_ref idref="fl-104"/>
      </object_component>
      <object_component id="oc-4d">
         <name>.text:decompress:ZI:__TI_zero_init_nomemset:__TI_zero_init_nomemset</name>
         <load_address>0x2ff0</load_address>
         <run_address>0x2ff0</run_address>
         <size>0x1c</size>
         <input_file_ref idref="fl-fc"/>
      </object_component>
      <object_component id="oc-1b">
         <name>.text:decompress:none:__TI_decompress_none</name>
         <load_address>0x300c</load_address>
         <run_address>0x300c</run_address>
         <size>0xe</size>
         <input_file_ref idref="fl-fd"/>
      </object_component>
      <object_component id="oc-27">
         <name>.text</name>
         <load_address>0x301a</load_address>
         <run_address>0x301a</run_address>
         <size>0xc</size>
         <input_file_ref idref="fl-a"/>
      </object_component>
      <object_component id="oc-d3">
         <name>.text:_system_pre_init</name>
         <load_address>0x3026</load_address>
         <run_address>0x3026</run_address>
         <size>0x4</size>
         <input_file_ref idref="fl-10d"/>
      </object_component>
      <object_component id="oc-141">
         <name>.text:abort:abort</name>
         <load_address>0x302a</load_address>
         <run_address>0x302a</run_address>
         <size>0x4</size>
         <input_file_ref idref="fl-10f"/>
      </object_component>
      <object_component id="oc-11c">
         <name>.const:Gpio_PinConfigurations</name>
         <load_address>0x3030</load_address>
         <run_address>0x3030</run_address>
         <size>0xa5</size>
         <input_file_ref idref="fl-26"/>
      </object_component>
      <object_component id="oc-83">
         <name>.const:Qei_Config</name>
         <load_address>0x30d8</load_address>
         <run_address>0x30d8</run_address>
         <size>0x24</size>
         <input_file_ref idref="fl-30"/>
      </object_component>
      <object_component id="oc-f3">
         <name>.const:Uart_BaseAddress</name>
         <load_address>0x30fc</load_address>
         <run_address>0x30fc</run_address>
         <size>0x20</size>
         <input_file_ref idref="fl-33"/>
      </object_component>
      <object_component id="oc-98">
         <name>.const:Uart0_Config_115200</name>
         <load_address>0x311c</load_address>
         <run_address>0x311c</run_address>
         <size>0x18</size>
         <input_file_ref idref="fl-34"/>
      </object_component>
      <object_component id="oc-95">
         <name>.const:Gpio_Configuration</name>
         <load_address>0x3134</load_address>
         <run_address>0x3134</run_address>
         <size>0x8</size>
         <input_file_ref idref="fl-26"/>
      </object_component>
      <object_component id="oc-116">
         <name>.const:Mcu_Config_80MHz</name>
         <load_address>0x313c</load_address>
         <run_address>0x313c</run_address>
         <size>0x4</size>
         <input_file_ref idref="fl-2a"/>
      </object_component>
      <object_component id="oc-23f">
         <name>.cinit..data.load</name>
         <load_address>0x3140</load_address>
         <run_address>0x3140</run_address>
         <size>0x17</size>
      </object_component>
      <object_component id="oc-23d">
         <name>__TI_handler_table</name>
         <load_address>0x3158</load_address>
         <run_address>0x3158</run_address>
         <size>0xc</size>
      </object_component>
      <object_component id="oc-240">
         <name>.cinit..bss.load</name>
         <load_address>0x3168</load_address>
         <run_address>0x3168</run_address>
         <size>0x8</size>
      </object_component>
      <object_component id="oc-23e">
         <name>__TI_cinit_table</name>
         <load_address>0x3170</load_address>
         <run_address>0x3170</run_address>
         <size>0x10</size>
      </object_component>
      <object_component id="oc-80">
         <name>.data</name>
         <load_address>0x20000348</load_address>
         <run_address>0x20000348</run_address>
         <size>0x9</size>
         <input_file_ref idref="fl-7"/>
      </object_component>
      <object_component id="oc-17f">
         <name>.data</name>
         <load_address>0x20000330</load_address>
         <run_address>0x20000330</run_address>
         <size>0xc</size>
         <input_file_ref idref="fl-10"/>
      </object_component>
      <object_component id="oc-107">
         <name>.data</name>
         <load_address>0x2000033c</load_address>
         <run_address>0x2000033c</run_address>
         <size>0x9</size>
         <input_file_ref idref="fl-25"/>
      </object_component>
      <object_component id="oc-fd">
         <name>.data</name>
         <load_address>0x20000320</load_address>
         <run_address>0x20000320</run_address>
         <size>0xd</size>
         <input_file_ref idref="fl-29"/>
      </object_component>
      <object_component id="oc-92">
         <name>.data</name>
         <load_address>0x2000035c</load_address>
         <run_address>0x2000035c</run_address>
         <size>0x4</size>
         <input_file_ref idref="fl-2a"/>
      </object_component>
      <object_component id="oc-eb">
         <name>.data</name>
         <load_address>0x20000354</load_address>
         <run_address>0x20000354</run_address>
         <size>0x5</size>
         <input_file_ref idref="fl-2f"/>
      </object_component>
      <object_component id="oc-182">
         <name>.bss:Det_ErrorBuffer</name>
         <uninitialized>true</uninitialized>
         <run_address>0x20000200</run_address>
         <size>0xc0</size>
         <input_file_ref idref="fl-10"/>
      </object_component>
      <object_component id="oc-f0">
         <name>.bss:Uart_RuntimeState</name>
         <uninitialized>true</uninitialized>
         <run_address>0x200002c0</run_address>
         <size>0x60</size>
         <input_file_ref idref="fl-33"/>
      </object_component>
      <object_component id="oc-24">
         <name>.stack</name>
         <uninitialized>true</uninitialized>
         <run_address>0x20000000</run_address>
         <size>0x4</size>
         <input_file_ref idref="fl-104"/>
      </object_component>
      <object_component id="oc-242">
         <name>.stack</name>
         <uninitialized>true</uninitialized>
         <run_address>0x20000000</run_address>
         <size>0x0</size>
      </object_component>
      <object_component id="oc-a1">
         <name>.debug_info</name>
         <load_address>0x0</load_address>
         <run_address>0x0</run_address>
         <size>0x6ef</size>
         <input_file_ref idref="fl-7"/>
      </object_component>
      <object_component id="oc-81">
         <name>.debug_info</name>
         <load_address>0x6ef</load_address>
         <run_address>0x6ef</run_address>
         <size>0x1e6</size>
         <input_file_ref idref="fl-7"/>
      </object_component>
      <object_component id="oc-2e">
         <name>.debug_info</name>
         <load_address>0x8d5</load_address>
         <run_address>0x8d5</run_address>
         <size>0x19ea</size>
         <input_file_ref idref="fl-7"/>
      </object_component>
      <object_component id="oc-a7">
         <name>.debug_info</name>
         <load_address>0x22bf</load_address>
         <run_address>0x22bf</run_address>
         <size>0x2d9</size>
         <input_file_ref idref="fl-7"/>
      </object_component>
      <object_component id="oc-102">
         <name>.debug_info</name>
         <load_address>0x2598</load_address>
         <run_address>0x2598</run_address>
         <size>0x1bf</size>
         <input_file_ref idref="fl-7"/>
      </object_component>
      <object_component id="oc-111">
         <name>.debug_info</name>
         <load_address>0x2757</load_address>
         <run_address>0x2757</run_address>
         <size>0x428</size>
         <input_file_ref idref="fl-7"/>
      </object_component>
      <object_component id="oc-a2">
         <name>.debug_info</name>
         <load_address>0x2b7f</load_address>
         <run_address>0x2b7f</run_address>
         <size>0x342</size>
         <input_file_ref idref="fl-7"/>
      </object_component>
      <object_component id="oc-ae">
         <name>.debug_info</name>
         <load_address>0x2ec1</load_address>
         <run_address>0x2ec1</run_address>
         <size>0x26b</size>
         <input_file_ref idref="fl-7"/>
      </object_component>
      <object_component id="oc-9c">
         <name>.debug_info</name>
         <load_address>0x312c</load_address>
         <run_address>0x312c</run_address>
         <size>0x129</size>
         <input_file_ref idref="fl-7"/>
      </object_component>
      <object_component id="oc-127">
         <name>.debug_info</name>
         <load_address>0x3255</load_address>
         <run_address>0x3255</run_address>
         <size>0xc1</size>
         <input_file_ref idref="fl-7"/>
      </object_component>
      <object_component id="oc-3c">
         <name>.debug_info</name>
         <load_address>0x3316</load_address>
         <run_address>0x3316</run_address>
         <size>0x84</size>
         <input_file_ref idref="fl-7"/>
      </object_component>
      <object_component id="oc-12c">
         <name>.debug_info</name>
         <load_address>0x339a</load_address>
         <run_address>0x339a</run_address>
         <size>0x2a4</size>
         <input_file_ref idref="fl-7"/>
      </object_component>
      <object_component id="oc-b3">
         <name>.debug_info</name>
         <load_address>0x363e</load_address>
         <run_address>0x363e</run_address>
         <size>0xbb</size>
         <input_file_ref idref="fl-7"/>
      </object_component>
      <object_component id="oc-1df">
         <name>.debug_info</name>
         <load_address>0x36f9</load_address>
         <run_address>0x36f9</run_address>
         <size>0x53</size>
         <input_file_ref idref="fl-7"/>
      </object_component>
      <object_component id="oc-35">
         <name>.debug_info</name>
         <load_address>0x374c</load_address>
         <run_address>0x374c</run_address>
         <size>0x31c</size>
         <input_file_ref idref="fl-a"/>
      </object_component>
      <object_component id="oc-13">
         <name>.debug_info</name>
         <load_address>0x3a68</load_address>
         <run_address>0x3a68</run_address>
         <size>0x115</size>
         <input_file_ref idref="fl-a"/>
      </object_component>
      <object_component id="oc-28">
         <name>.debug_info</name>
         <load_address>0x3b7d</load_address>
         <run_address>0x3b7d</run_address>
         <size>0x291</size>
         <input_file_ref idref="fl-a"/>
      </object_component>
      <object_component id="oc-186">
         <name>.debug_info</name>
         <load_address>0x3e0e</load_address>
         <run_address>0x3e0e</run_address>
         <size>0x2fb</size>
         <input_file_ref idref="fl-10"/>
      </object_component>
      <object_component id="oc-183">
         <name>.debug_info</name>
         <load_address>0x4109</load_address>
         <run_address>0x4109</run_address>
         <size>0x10c</size>
         <input_file_ref idref="fl-10"/>
      </object_component>
      <object_component id="oc-180">
         <name>.debug_info</name>
         <load_address>0x4215</load_address>
         <run_address>0x4215</run_address>
         <size>0x1aa</size>
         <input_file_ref idref="fl-10"/>
      </object_component>
      <object_component id="oc-e6">
         <name>.debug_info</name>
         <load_address>0x43bf</load_address>
         <run_address>0x43bf</run_address>
         <size>0x8bf</size>
         <input_file_ref idref="fl-10"/>
      </object_component>
      <object_component id="oc-1d1">
         <name>.debug_info</name>
         <load_address>0x4c7e</load_address>
         <run_address>0x4c7e</run_address>
         <size>0x48</size>
         <input_file_ref idref="fl-10"/>
      </object_component>
      <object_component id="oc-10b">
         <name>.debug_info</name>
         <load_address>0x4cc6</load_address>
         <run_address>0x4cc6</run_address>
         <size>0x129</size>
         <input_file_ref idref="fl-10"/>
      </object_component>
      <object_component id="oc-1da">
         <name>.debug_info</name>
         <load_address>0x4def</load_address>
         <run_address>0x4def</run_address>
         <size>0x35</size>
         <input_file_ref idref="fl-10"/>
      </object_component>
      <object_component id="oc-110">
         <name>.debug_info</name>
         <load_address>0x4e24</load_address>
         <run_address>0x4e24</run_address>
         <size>0x341</size>
         <input_file_ref idref="fl-25"/>
      </object_component>
      <object_component id="oc-108">
         <name>.debug_info</name>
         <load_address>0x5165</load_address>
         <run_address>0x5165</run_address>
         <size>0x178</size>
         <input_file_ref idref="fl-25"/>
      </object_component>
      <object_component id="oc-90">
         <name>.debug_info</name>
         <load_address>0x52dd</load_address>
         <run_address>0x52dd</run_address>
         <size>0x1724</size>
         <input_file_ref idref="fl-25"/>
      </object_component>
      <object_component id="oc-1a0">
         <name>.debug_info</name>
         <load_address>0x6a01</load_address>
         <run_address>0x6a01</run_address>
         <size>0x283</size>
         <input_file_ref idref="fl-25"/>
      </object_component>
      <object_component id="oc-121">
         <name>.debug_info</name>
         <load_address>0x6c84</load_address>
         <run_address>0x6c84</run_address>
         <size>0x13d</size>
         <input_file_ref idref="fl-26"/>
      </object_component>
      <object_component id="oc-11d">
         <name>.debug_info</name>
         <load_address>0x6dc1</load_address>
         <run_address>0x6dc1</run_address>
         <size>0x124</size>
         <input_file_ref idref="fl-26"/>
      </object_component>
      <object_component id="oc-96">
         <name>.debug_info</name>
         <load_address>0x6ee5</load_address>
         <run_address>0x6ee5</run_address>
         <size>0x11d</size>
         <input_file_ref idref="fl-26"/>
      </object_component>
      <object_component id="oc-101">
         <name>.debug_info</name>
         <load_address>0x7002</load_address>
         <run_address>0x7002</run_address>
         <size>0x2a2</size>
         <input_file_ref idref="fl-29"/>
      </object_component>
      <object_component id="oc-fe">
         <name>.debug_info</name>
         <load_address>0x72a4</load_address>
         <run_address>0x72a4</run_address>
         <size>0x1c6</size>
         <input_file_ref idref="fl-29"/>
      </object_component>
      <object_component id="oc-89">
         <name>.debug_info</name>
         <load_address>0x746a</load_address>
         <run_address>0x746a</run_address>
         <size>0x9ba</size>
         <input_file_ref idref="fl-29"/>
      </object_component>
      <object_component id="oc-11b">
         <name>.debug_info</name>
         <load_address>0x7e24</load_address>
         <run_address>0x7e24</run_address>
         <size>0x103</size>
         <input_file_ref idref="fl-2a"/>
      </object_component>
      <object_component id="oc-117">
         <name>.debug_info</name>
         <load_address>0x7f27</load_address>
         <run_address>0x7f27</run_address>
         <size>0x117</size>
         <input_file_ref idref="fl-2a"/>
      </object_component>
      <object_component id="oc-93">
         <name>.debug_info</name>
         <load_address>0x803e</load_address>
         <run_address>0x803e</run_address>
         <size>0x111</size>
         <input_file_ref idref="fl-2a"/>
      </object_component>
      <object_component id="oc-ef">
         <name>.debug_info</name>
         <load_address>0x814f</load_address>
         <run_address>0x814f</run_address>
         <size>0x30b</size>
         <input_file_ref idref="fl-2f"/>
      </object_component>
      <object_component id="oc-ec">
         <name>.debug_info</name>
         <load_address>0x845a</load_address>
         <run_address>0x845a</run_address>
         <size>0x13a</size>
         <input_file_ref idref="fl-2f"/>
      </object_component>
      <object_component id="oc-75">
         <name>.debug_info</name>
         <load_address>0x8594</load_address>
         <run_address>0x8594</run_address>
         <size>0x11a2</size>
         <input_file_ref idref="fl-2f"/>
      </object_component>
      <object_component id="oc-fc">
         <name>.debug_info</name>
         <load_address>0x9736</load_address>
         <run_address>0x9736</run_address>
         <size>0x12c</size>
         <input_file_ref idref="fl-30"/>
      </object_component>
      <object_component id="oc-84">
         <name>.debug_info</name>
         <load_address>0x9862</load_address>
         <run_address>0x9862</run_address>
         <size>0x10b</size>
         <input_file_ref idref="fl-30"/>
      </object_component>
      <object_component id="oc-f7">
         <name>.debug_info</name>
         <load_address>0x996d</load_address>
         <run_address>0x996d</run_address>
         <size>0x36a</size>
         <input_file_ref idref="fl-33"/>
      </object_component>
      <object_component id="oc-f1">
         <name>.debug_info</name>
         <load_address>0x9cd7</load_address>
         <run_address>0x9cd7</run_address>
         <size>0x114</size>
         <input_file_ref idref="fl-33"/>
      </object_component>
      <object_component id="oc-f4">
         <name>.debug_info</name>
         <load_address>0x9deb</load_address>
         <run_address>0x9deb</run_address>
         <size>0x112</size>
         <input_file_ref idref="fl-33"/>
      </object_component>
      <object_component id="oc-7b">
         <name>.debug_info</name>
         <load_address>0x9efd</load_address>
         <run_address>0x9efd</run_address>
         <size>0x1114</size>
         <input_file_ref idref="fl-33"/>
      </object_component>
      <object_component id="oc-191">
         <name>.debug_info</name>
         <load_address>0xb011</load_address>
         <run_address>0xb011</run_address>
         <size>0x86</size>
         <input_file_ref idref="fl-33"/>
      </object_component>
      <object_component id="oc-124">
         <name>.debug_info</name>
         <load_address>0xb097</load_address>
         <run_address>0xb097</run_address>
         <size>0x124</size>
         <input_file_ref idref="fl-34"/>
      </object_component>
      <object_component id="oc-99">
         <name>.debug_info</name>
         <load_address>0xb1bb</load_address>
         <run_address>0xb1bb</run_address>
         <size>0x11f</size>
         <input_file_ref idref="fl-34"/>
      </object_component>
      <object_component id="oc-43">
         <name>.debug_info</name>
         <load_address>0xb2da</load_address>
         <run_address>0xb2da</run_address>
         <size>0x119</size>
         <input_file_ref idref="fl-f9"/>
      </object_component>
      <object_component id="oc-d0">
         <name>.debug_info</name>
         <load_address>0xb3f3</load_address>
         <run_address>0xb3f3</run_address>
         <size>0x147</size>
         <input_file_ref idref="fl-fa"/>
      </object_component>
      <object_component id="oc-cc">
         <name>.debug_info</name>
         <load_address>0xb53a</load_address>
         <run_address>0xb53a</run_address>
         <size>0x2d4</size>
         <input_file_ref idref="fl-fc"/>
      </object_component>
      <object_component id="oc-4f">
         <name>.debug_info</name>
         <load_address>0xb80e</load_address>
         <run_address>0xb80e</run_address>
         <size>0x1d2</size>
         <input_file_ref idref="fl-fc"/>
      </object_component>
      <object_component id="oc-c7">
         <name>.debug_info</name>
         <load_address>0xb9e0</load_address>
         <run_address>0xb9e0</run_address>
         <size>0x46</size>
         <input_file_ref idref="fl-fc"/>
      </object_component>
      <object_component id="oc-138">
         <name>.debug_info</name>
         <load_address>0xba26</load_address>
         <run_address>0xba26</run_address>
         <size>0x2c</size>
         <input_file_ref idref="fl-fc"/>
      </object_component>
      <object_component id="oc-4c">
         <name>.debug_info</name>
         <load_address>0xba52</load_address>
         <run_address>0xba52</run_address>
         <size>0x2a8</size>
         <input_file_ref idref="fl-fd"/>
      </object_component>
      <object_component id="oc-1f">
         <name>.debug_info</name>
         <load_address>0xbcfa</load_address>
         <run_address>0xbcfa</run_address>
         <size>0x1ea</size>
         <input_file_ref idref="fl-fd"/>
      </object_component>
      <object_component id="oc-47">
         <name>.debug_info</name>
         <load_address>0xbee4</load_address>
         <run_address>0xbee4</run_address>
         <size>0x46</size>
         <input_file_ref idref="fl-fd"/>
      </object_component>
      <object_component id="oc-bf">
         <name>.debug_info</name>
         <load_address>0xbf2a</load_address>
         <run_address>0xbf2a</run_address>
         <size>0x2c</size>
         <input_file_ref idref="fl-fd"/>
      </object_component>
      <object_component id="oc-bd">
         <name>.debug_info</name>
         <load_address>0xbf56</load_address>
         <run_address>0xbf56</run_address>
         <size>0x29e</size>
         <input_file_ref idref="fl-fe"/>
      </object_component>
      <object_component id="oc-16">
         <name>.debug_info</name>
         <load_address>0xc1f4</load_address>
         <run_address>0xc1f4</run_address>
         <size>0x250</size>
         <input_file_ref idref="fl-fe"/>
      </object_component>
      <object_component id="oc-37">
         <name>.debug_info</name>
         <load_address>0xc444</load_address>
         <run_address>0xc444</run_address>
         <size>0x60</size>
         <input_file_ref idref="fl-fe"/>
      </object_component>
      <object_component id="oc-131">
         <name>.debug_info</name>
         <load_address>0xc4a4</load_address>
         <run_address>0xc4a4</run_address>
         <size>0x46</size>
         <input_file_ref idref="fl-fe"/>
      </object_component>
      <object_component id="oc-b8">
         <name>.debug_info</name>
         <load_address>0xc4ea</load_address>
         <run_address>0xc4ea</run_address>
         <size>0x39</size>
         <input_file_ref idref="fl-fe"/>
      </object_component>
      <object_component id="oc-25">
         <name>.debug_info</name>
         <load_address>0xc523</load_address>
         <run_address>0xc523</run_address>
         <size>0x10b</size>
         <input_file_ref idref="fl-104"/>
      </object_component>
      <object_component id="oc-62">
         <name>.debug_info</name>
         <load_address>0xc62e</load_address>
         <run_address>0xc62e</run_address>
         <size>0x1a9</size>
         <input_file_ref idref="fl-104"/>
      </object_component>
      <object_component id="oc-1ba">
         <name>.debug_info</name>
         <load_address>0xc7d7</load_address>
         <run_address>0xc7d7</run_address>
         <size>0x4b3</size>
         <input_file_ref idref="fl-10c"/>
      </object_component>
      <object_component id="oc-14f">
         <name>.debug_info</name>
         <load_address>0xcc8a</load_address>
         <run_address>0xcc8a</run_address>
         <size>0x1a6</size>
         <input_file_ref idref="fl-10c"/>
      </object_component>
      <object_component id="oc-1f4">
         <name>.debug_info</name>
         <load_address>0xce30</load_address>
         <run_address>0xce30</run_address>
         <size>0x39</size>
         <input_file_ref idref="fl-10c"/>
      </object_component>
      <object_component id="oc-208">
         <name>.debug_info</name>
         <load_address>0xce69</load_address>
         <run_address>0xce69</run_address>
         <size>0x39</size>
         <input_file_ref idref="fl-10c"/>
      </object_component>
      <object_component id="oc-1f9">
         <name>.debug_info</name>
         <load_address>0xcea2</load_address>
         <run_address>0xcea2</run_address>
         <size>0x39</size>
         <input_file_ref idref="fl-10c"/>
      </object_component>
      <object_component id="oc-1fe">
         <name>.debug_info</name>
         <load_address>0xcedb</load_address>
         <run_address>0xcedb</run_address>
         <size>0xcd</size>
         <input_file_ref idref="fl-10c"/>
      </object_component>
      <object_component id="oc-d4">
         <name>.debug_info</name>
         <load_address>0xcfa8</load_address>
         <run_address>0xcfa8</run_address>
         <size>0x153</size>
         <input_file_ref idref="fl-10d"/>
      </object_component>
      <object_component id="oc-143">
         <name>.debug_info</name>
         <load_address>0xd0fb</load_address>
         <run_address>0xd0fb</run_address>
         <size>0x122</size>
         <input_file_ref idref="fl-10f"/>
      </object_component>
      <object_component id="oc-243">
         <name>.debug_info</name>
         <load_address>0xd21d</load_address>
         <run_address>0xd21d</run_address>
         <size>0xc8</size>
      </object_component>
      <object_component id="oc-126">
         <name>.debug_line</name>
         <load_address>0x0</load_address>
         <run_address>0x0</run_address>
         <size>0xc2</size>
         <input_file_ref idref="fl-7"/>
      </object_component>
      <object_component id="oc-f9">
         <name>.debug_line</name>
         <load_address>0xc2</load_address>
         <run_address>0xc2</run_address>
         <size>0x36</size>
         <input_file_ref idref="fl-7"/>
      </object_component>
      <object_component id="oc-31">
         <name>.debug_line</name>
         <load_address>0xf8</load_address>
         <run_address>0xf8</run_address>
         <size>0x44b</size>
         <input_file_ref idref="fl-7"/>
      </object_component>
      <object_component id="oc-aa">
         <name>.debug_line</name>
         <load_address>0x543</load_address>
         <run_address>0x543</run_address>
         <size>0x3b</size>
         <input_file_ref idref="fl-7"/>
      </object_component>
      <object_component id="oc-105">
         <name>.debug_line</name>
         <load_address>0x57e</load_address>
         <run_address>0x57e</run_address>
         <size>0x3b</size>
         <input_file_ref idref="fl-7"/>
      </object_component>
      <object_component id="oc-114">
         <name>.debug_line</name>
         <load_address>0x5b9</load_address>
         <run_address>0x5b9</run_address>
         <size>0x3d</size>
         <input_file_ref idref="fl-7"/>
      </object_component>
      <object_component id="oc-a5">
         <name>.debug_line</name>
         <load_address>0x5f6</load_address>
         <run_address>0x5f6</run_address>
         <size>0x3d</size>
         <input_file_ref idref="fl-7"/>
      </object_component>
      <object_component id="oc-b1">
         <name>.debug_line</name>
         <load_address>0x633</load_address>
         <run_address>0x633</run_address>
         <size>0x6f</size>
         <input_file_ref idref="fl-7"/>
      </object_component>
      <object_component id="oc-9f">
         <name>.debug_line</name>
         <load_address>0x6a2</load_address>
         <run_address>0x6a2</run_address>
         <size>0x48</size>
         <input_file_ref idref="fl-7"/>
      </object_component>
      <object_component id="oc-12a">
         <name>.debug_line</name>
         <load_address>0x6ea</load_address>
         <run_address>0x6ea</run_address>
         <size>0x42</size>
         <input_file_ref idref="fl-7"/>
      </object_component>
      <object_component id="oc-3f">
         <name>.debug_line</name>
         <load_address>0x72c</load_address>
         <run_address>0x72c</run_address>
         <size>0x20</size>
         <input_file_ref idref="fl-7"/>
      </object_component>
      <object_component id="oc-12f">
         <name>.debug_line</name>
         <load_address>0x74c</load_address>
         <run_address>0x74c</run_address>
         <size>0x73</size>
         <input_file_ref idref="fl-7"/>
      </object_component>
      <object_component id="oc-b6">
         <name>.debug_line</name>
         <load_address>0x7bf</load_address>
         <run_address>0x7bf</run_address>
         <size>0x70</size>
         <input_file_ref idref="fl-7"/>
      </object_component>
      <object_component id="oc-1e2">
         <name>.debug_line</name>
         <load_address>0x82f</load_address>
         <run_address>0x82f</run_address>
         <size>0x6b</size>
         <input_file_ref idref="fl-7"/>
      </object_component>
      <object_component id="oc-ad">
         <name>.debug_line</name>
         <load_address>0x89a</load_address>
         <run_address>0x89a</run_address>
         <size>0x41</size>
         <input_file_ref idref="fl-a"/>
      </object_component>
      <object_component id="oc-34">
         <name>.debug_line</name>
         <load_address>0x8db</load_address>
         <run_address>0x8db</run_address>
         <size>0x41</size>
         <input_file_ref idref="fl-a"/>
      </object_component>
      <object_component id="oc-2b">
         <name>.debug_line</name>
         <load_address>0x91c</load_address>
         <run_address>0x91c</run_address>
         <size>0xa1</size>
         <input_file_ref idref="fl-a"/>
      </object_component>
      <object_component id="oc-1d9">
         <name>.debug_line</name>
         <load_address>0x9bd</load_address>
         <run_address>0x9bd</run_address>
         <size>0x6b</size>
         <input_file_ref idref="fl-10"/>
      </object_component>
      <object_component id="oc-1d7">
         <name>.debug_line</name>
         <load_address>0xa28</load_address>
         <run_address>0xa28</run_address>
         <size>0x33</size>
         <input_file_ref idref="fl-10"/>
      </object_component>
      <object_component id="oc-1d0">
         <name>.debug_line</name>
         <load_address>0xa5b</load_address>
         <run_address>0xa5b</run_address>
         <size>0x33</size>
         <input_file_ref idref="fl-10"/>
      </object_component>
      <object_component id="oc-e9">
         <name>.debug_line</name>
         <load_address>0xa8e</load_address>
         <run_address>0xa8e</run_address>
         <size>0x1be</size>
         <input_file_ref idref="fl-10"/>
      </object_component>
      <object_component id="oc-1d4">
         <name>.debug_line</name>
         <load_address>0xc4c</load_address>
         <run_address>0xc4c</run_address>
         <size>0x33</size>
         <input_file_ref idref="fl-10"/>
      </object_component>
      <object_component id="oc-10e">
         <name>.debug_line</name>
         <load_address>0xc7f</load_address>
         <run_address>0xc7f</run_address>
         <size>0x39</size>
         <input_file_ref idref="fl-10"/>
      </object_component>
      <object_component id="oc-1dd">
         <name>.debug_line</name>
         <load_address>0xcb8</load_address>
         <run_address>0xcb8</run_address>
         <size>0x74</size>
         <input_file_ref idref="fl-10"/>
      </object_component>
      <object_component id="oc-19f">
         <name>.debug_line</name>
         <load_address>0xd2c</load_address>
         <run_address>0xd2c</run_address>
         <size>0x43</size>
         <input_file_ref idref="fl-25"/>
      </object_component>
      <object_component id="oc-19d">
         <name>.debug_line</name>
         <load_address>0xd6f</load_address>
         <run_address>0xd6f</run_address>
         <size>0x37</size>
         <input_file_ref idref="fl-25"/>
      </object_component>
      <object_component id="oc-8e">
         <name>.debug_line</name>
         <load_address>0xda6</load_address>
         <run_address>0xda6</run_address>
         <size>0x597</size>
         <input_file_ref idref="fl-25"/>
      </object_component>
      <object_component id="oc-1a3">
         <name>.debug_line</name>
         <load_address>0x133d</load_address>
         <run_address>0x133d</run_address>
         <size>0x3c</size>
         <input_file_ref idref="fl-25"/>
      </object_component>
      <object_component id="oc-1ac">
         <name>.debug_line</name>
         <load_address>0x1379</load_address>
         <run_address>0x1379</run_address>
         <size>0x20</size>
         <input_file_ref idref="fl-26"/>
      </object_component>
      <object_component id="oc-1aa">
         <name>.debug_line</name>
         <load_address>0x1399</load_address>
         <run_address>0x1399</run_address>
         <size>0x3d</size>
         <input_file_ref idref="fl-26"/>
      </object_component>
      <object_component id="oc-120">
         <name>.debug_line</name>
         <load_address>0x13d6</load_address>
         <run_address>0x13d6</run_address>
         <size>0x3d</size>
         <input_file_ref idref="fl-26"/>
      </object_component>
      <object_component id="oc-19b">
         <name>.debug_line</name>
         <load_address>0x1413</load_address>
         <run_address>0x1413</run_address>
         <size>0x20</size>
         <input_file_ref idref="fl-29"/>
      </object_component>
      <object_component id="oc-199">
         <name>.debug_line</name>
         <load_address>0x1433</load_address>
         <run_address>0x1433</run_address>
         <size>0x35</size>
         <input_file_ref idref="fl-29"/>
      </object_component>
      <object_component id="oc-88">
         <name>.debug_line</name>
         <load_address>0x1468</load_address>
         <run_address>0x1468</run_address>
         <size>0x2ae</size>
         <input_file_ref idref="fl-29"/>
      </object_component>
      <object_component id="oc-1a8">
         <name>.debug_line</name>
         <load_address>0x1716</load_address>
         <run_address>0x1716</run_address>
         <size>0x20</size>
         <input_file_ref idref="fl-2a"/>
      </object_component>
      <object_component id="oc-1a6">
         <name>.debug_line</name>
         <load_address>0x1736</load_address>
         <run_address>0x1736</run_address>
         <size>0x3b</size>
         <input_file_ref idref="fl-2a"/>
      </object_component>
      <object_component id="oc-11a">
         <name>.debug_line</name>
         <load_address>0x1771</load_address>
         <run_address>0x1771</run_address>
         <size>0x3b</size>
         <input_file_ref idref="fl-2a"/>
      </object_component>
      <object_component id="oc-18a">
         <name>.debug_line</name>
         <load_address>0x17ac</load_address>
         <run_address>0x17ac</run_address>
         <size>0x42</size>
         <input_file_ref idref="fl-2f"/>
      </object_component>
      <object_component id="oc-188">
         <name>.debug_line</name>
         <load_address>0x17ee</load_address>
         <run_address>0x17ee</run_address>
         <size>0x35</size>
         <input_file_ref idref="fl-2f"/>
      </object_component>
      <object_component id="oc-79">
         <name>.debug_line</name>
         <load_address>0x1823</load_address>
         <run_address>0x1823</run_address>
         <size>0x3ab</size>
         <input_file_ref idref="fl-2f"/>
      </object_component>
      <object_component id="oc-197">
         <name>.debug_line</name>
         <load_address>0x1bce</load_address>
         <run_address>0x1bce</run_address>
         <size>0x20</size>
         <input_file_ref idref="fl-30"/>
      </object_component>
      <object_component id="oc-fb">
         <name>.debug_line</name>
         <load_address>0x1bee</load_address>
         <run_address>0x1bee</run_address>
         <size>0x3b</size>
         <input_file_ref idref="fl-30"/>
      </object_component>
      <object_component id="oc-190">
         <name>.debug_line</name>
         <load_address>0x1c29</load_address>
         <run_address>0x1c29</run_address>
         <size>0x60</size>
         <input_file_ref idref="fl-33"/>
      </object_component>
      <object_component id="oc-18c">
         <name>.debug_line</name>
         <load_address>0x1c89</load_address>
         <run_address>0x1c89</run_address>
         <size>0x37</size>
         <input_file_ref idref="fl-33"/>
      </object_component>
      <object_component id="oc-18e">
         <name>.debug_line</name>
         <load_address>0x1cc0</load_address>
         <run_address>0x1cc0</run_address>
         <size>0x37</size>
         <input_file_ref idref="fl-33"/>
      </object_component>
      <object_component id="oc-7e">
         <name>.debug_line</name>
         <load_address>0x1cf7</load_address>
         <run_address>0x1cf7</run_address>
         <size>0x328</size>
         <input_file_ref idref="fl-33"/>
      </object_component>
      <object_component id="oc-194">
         <name>.debug_line</name>
         <load_address>0x201f</load_address>
         <run_address>0x201f</run_address>
         <size>0x37</size>
         <input_file_ref idref="fl-33"/>
      </object_component>
      <object_component id="oc-1ae">
         <name>.debug_line</name>
         <load_address>0x2056</load_address>
         <run_address>0x2056</run_address>
         <size>0x20</size>
         <input_file_ref idref="fl-34"/>
      </object_component>
      <object_component id="oc-123">
         <name>.debug_line</name>
         <load_address>0x2076</load_address>
         <run_address>0x2076</run_address>
         <size>0x3d</size>
         <input_file_ref idref="fl-34"/>
      </object_component>
      <object_component id="oc-45">
         <name>.debug_line</name>
         <load_address>0x20b3</load_address>
         <run_address>0x20b3</run_address>
         <size>0x88</size>
         <input_file_ref idref="fl-f9"/>
      </object_component>
      <object_component id="oc-cf">
         <name>.debug_line</name>
         <load_address>0x213b</load_address>
         <run_address>0x213b</run_address>
         <size>0x79</size>
         <input_file_ref idref="fl-fa"/>
      </object_component>
      <object_component id="oc-13e">
         <name>.debug_line</name>
         <load_address>0x21b4</load_address>
         <run_address>0x21b4</run_address>
         <size>0x92</size>
         <input_file_ref idref="fl-fc"/>
      </object_component>
      <object_component id="oc-4e">
         <name>.debug_line</name>
         <load_address>0x2246</load_address>
         <run_address>0x2246</run_address>
         <size>0x4c</size>
         <input_file_ref idref="fl-fc"/>
      </object_component>
      <object_component id="oc-ca">
         <name>.debug_line</name>
         <load_address>0x2292</load_address>
         <run_address>0x2292</run_address>
         <size>0x34</size>
         <input_file_ref idref="fl-fc"/>
      </object_component>
      <object_component id="oc-13b">
         <name>.debug_line</name>
         <load_address>0x22c6</load_address>
         <run_address>0x22c6</run_address>
         <size>0x92</size>
         <input_file_ref idref="fl-fc"/>
      </object_component>
      <object_component id="oc-c5">
         <name>.debug_line</name>
         <load_address>0x2358</load_address>
         <run_address>0x2358</run_address>
         <size>0x20</size>
         <input_file_ref idref="fl-fd"/>
      </object_component>
      <object_component id="oc-1d">
         <name>.debug_line</name>
         <load_address>0x2378</load_address>
         <run_address>0x2378</run_address>
         <size>0x55</size>
         <input_file_ref idref="fl-fd"/>
      </object_component>
      <object_component id="oc-4a">
         <name>.debug_line</name>
         <load_address>0x23cd</load_address>
         <run_address>0x23cd</run_address>
         <size>0x3a</size>
         <input_file_ref idref="fl-fd"/>
      </object_component>
      <object_component id="oc-c2">
         <name>.debug_line</name>
         <load_address>0x2407</load_address>
         <run_address>0x2407</run_address>
         <size>0x92</size>
         <input_file_ref idref="fl-fd"/>
      </object_component>
      <object_component id="oc-137">
         <name>.debug_line</name>
         <load_address>0x2499</load_address>
         <run_address>0x2499</run_address>
         <size>0x20</size>
         <input_file_ref idref="fl-fe"/>
      </object_component>
      <object_component id="oc-19">
         <name>.debug_line</name>
         <load_address>0x24b9</load_address>
         <run_address>0x24b9</run_address>
         <size>0xa9</size>
         <input_file_ref idref="fl-fe"/>
      </object_component>
      <object_component id="oc-3a">
         <name>.debug_line</name>
         <load_address>0x2562</load_address>
         <run_address>0x2562</run_address>
         <size>0x3a</size>
         <input_file_ref idref="fl-fe"/>
      </object_component>
      <object_component id="oc-134">
         <name>.debug_line</name>
         <load_address>0x259c</load_address>
         <run_address>0x259c</run_address>
         <size>0x9a</size>
         <input_file_ref idref="fl-fe"/>
      </object_component>
      <object_component id="oc-bb">
         <name>.debug_line</name>
         <load_address>0x2636</load_address>
         <run_address>0x2636</run_address>
         <size>0x96</size>
         <input_file_ref idref="fl-fe"/>
      </object_component>
      <object_component id="oc-72">
         <name>.debug_line</name>
         <load_address>0x26cc</load_address>
         <run_address>0x26cc</run_address>
         <size>0x33</size>
         <input_file_ref idref="fl-104"/>
      </object_component>
      <object_component id="oc-61">
         <name>.debug_line</name>
         <load_address>0x26ff</load_address>
         <run_address>0x26ff</run_address>
         <size>0x45</size>
         <input_file_ref idref="fl-104"/>
      </object_component>
      <object_component id="oc-1f3">
         <name>.debug_line</name>
         <load_address>0x2744</load_address>
         <run_address>0x2744</run_address>
         <size>0xbf</size>
         <input_file_ref idref="fl-10c"/>
      </object_component>
      <object_component id="oc-14e">
         <name>.debug_line</name>
         <load_address>0x2803</load_address>
         <run_address>0x2803</run_address>
         <size>0x6f</size>
         <input_file_ref idref="fl-10c"/>
      </object_component>
      <object_component id="oc-1f7">
         <name>.debug_line</name>
         <load_address>0x2872</load_address>
         <run_address>0x2872</run_address>
         <size>0x2e</size>
         <input_file_ref idref="fl-10c"/>
      </object_component>
      <object_component id="oc-20b">
         <name>.debug_line</name>
         <load_address>0x28a0</load_address>
         <run_address>0x28a0</run_address>
         <size>0x9a</size>
         <input_file_ref idref="fl-10c"/>
      </object_component>
      <object_component id="oc-1fc">
         <name>.debug_line</name>
         <load_address>0x293a</load_address>
         <run_address>0x293a</run_address>
         <size>0x97</size>
         <input_file_ref idref="fl-10c"/>
      </object_component>
      <object_component id="oc-201">
         <name>.debug_line</name>
         <load_address>0x29d1</load_address>
         <run_address>0x29d1</run_address>
         <size>0x93</size>
         <input_file_ref idref="fl-10c"/>
      </object_component>
      <object_component id="oc-d7">
         <name>.debug_line</name>
         <load_address>0x2a64</load_address>
         <run_address>0x2a64</run_address>
         <size>0x40</size>
         <input_file_ref idref="fl-10d"/>
      </object_component>
      <object_component id="oc-145">
         <name>.debug_line</name>
         <load_address>0x2aa4</load_address>
         <run_address>0x2aa4</run_address>
         <size>0x3c</size>
         <input_file_ref idref="fl-10f"/>
      </object_component>
      <object_component id="oc-32">
         <name>.debug_frame</name>
         <load_address>0x0</load_address>
         <run_address>0x0</run_address>
         <size>0x24c</size>
         <input_file_ref idref="fl-7"/>
      </object_component>
      <object_component id="oc-2c">
         <name>.debug_frame</name>
         <load_address>0x24c</load_address>
         <run_address>0x24c</run_address>
         <size>0x90</size>
         <input_file_ref idref="fl-a"/>
      </object_component>
      <object_component id="oc-ea">
         <name>.debug_frame</name>
         <load_address>0x2dc</load_address>
         <run_address>0x2dc</run_address>
         <size>0x144</size>
         <input_file_ref idref="fl-10"/>
      </object_component>
      <object_component id="oc-8d">
         <name>.debug_frame</name>
         <load_address>0x420</load_address>
         <run_address>0x420</run_address>
         <size>0x260</size>
         <input_file_ref idref="fl-25"/>
      </object_component>
      <object_component id="oc-87">
         <name>.debug_frame</name>
         <load_address>0x680</load_address>
         <run_address>0x680</run_address>
         <size>0x188</size>
         <input_file_ref idref="fl-29"/>
      </object_component>
      <object_component id="oc-78">
         <name>.debug_frame</name>
         <load_address>0x808</load_address>
         <run_address>0x808</run_address>
         <size>0x26c</size>
         <input_file_ref idref="fl-2f"/>
      </object_component>
      <object_component id="oc-7f">
         <name>.debug_frame</name>
         <load_address>0xa74</load_address>
         <run_address>0xa74</run_address>
         <size>0x1e0</size>
         <input_file_ref idref="fl-33"/>
      </object_component>
      <object_component id="oc-52">
         <name>.debug_frame</name>
         <load_address>0xc54</load_address>
         <run_address>0xc54</run_address>
         <size>0x54</size>
         <input_file_ref idref="fl-fc"/>
      </object_component>
      <object_component id="oc-1c">
         <name>.debug_frame</name>
         <load_address>0xca8</load_address>
         <run_address>0xca8</run_address>
         <size>0x54</size>
         <input_file_ref idref="fl-fd"/>
      </object_component>
      <object_component id="oc-1a">
         <name>.debug_frame</name>
         <load_address>0xcfc</load_address>
         <run_address>0xcfc</run_address>
         <size>0x60</size>
         <input_file_ref idref="fl-fe"/>
      </object_component>
      <object_component id="oc-60">
         <name>.debug_frame</name>
         <load_address>0xd5c</load_address>
         <run_address>0xd5c</run_address>
         <size>0x50</size>
         <input_file_ref idref="fl-104"/>
      </object_component>
      <object_component id="oc-152">
         <name>.debug_frame</name>
         <load_address>0xdac</load_address>
         <run_address>0xdac</run_address>
         <size>0x5c</size>
         <input_file_ref idref="fl-10c"/>
      </object_component>
      <object_component id="oc-d8">
         <name>.debug_frame</name>
         <load_address>0xe08</load_address>
         <run_address>0xe08</run_address>
         <size>0x54</size>
         <input_file_ref idref="fl-10d"/>
      </object_component>
      <object_component id="oc-146">
         <name>.debug_frame</name>
         <load_address>0xe5c</load_address>
         <run_address>0xe5c</run_address>
         <size>0x54</size>
         <input_file_ref idref="fl-10f"/>
      </object_component>
      <object_component id="oc-125">
         <name>.debug_abbrev</name>
         <load_address>0x0</load_address>
         <run_address>0x0</run_address>
         <size>0xf4</size>
         <input_file_ref idref="fl-7"/>
      </object_component>
      <object_component id="oc-f8">
         <name>.debug_abbrev</name>
         <load_address>0xf4</load_address>
         <run_address>0xf4</run_address>
         <size>0x29</size>
         <input_file_ref idref="fl-7"/>
      </object_component>
      <object_component id="oc-9b">
         <name>.debug_abbrev</name>
         <load_address>0x11d</load_address>
         <run_address>0x11d</run_address>
         <size>0x112</size>
         <input_file_ref idref="fl-7"/>
      </object_component>
      <object_component id="oc-a9">
         <name>.debug_abbrev</name>
         <load_address>0x22f</load_address>
         <run_address>0x22f</run_address>
         <size>0x8e</size>
         <input_file_ref idref="fl-7"/>
      </object_component>
      <object_component id="oc-104">
         <name>.debug_abbrev</name>
         <load_address>0x2bd</load_address>
         <run_address>0x2bd</run_address>
         <size>0x7d</size>
         <input_file_ref idref="fl-7"/>
      </object_component>
      <object_component id="oc-113">
         <name>.debug_abbrev</name>
         <load_address>0x33a</load_address>
         <run_address>0x33a</run_address>
         <size>0x8e</size>
         <input_file_ref idref="fl-7"/>
      </object_component>
      <object_component id="oc-a4">
         <name>.debug_abbrev</name>
         <load_address>0x3c8</load_address>
         <run_address>0x3c8</run_address>
         <size>0xac</size>
         <input_file_ref idref="fl-7"/>
      </object_component>
      <object_component id="oc-b0">
         <name>.debug_abbrev</name>
         <load_address>0x474</load_address>
         <run_address>0x474</run_address>
         <size>0x69</size>
         <input_file_ref idref="fl-7"/>
      </object_component>
      <object_component id="oc-9e">
         <name>.debug_abbrev</name>
         <load_address>0x4dd</load_address>
         <run_address>0x4dd</run_address>
         <size>0x5a</size>
         <input_file_ref idref="fl-7"/>
      </object_component>
      <object_component id="oc-129">
         <name>.debug_abbrev</name>
         <load_address>0x537</load_address>
         <run_address>0x537</run_address>
         <size>0x5a</size>
         <input_file_ref idref="fl-7"/>
      </object_component>
      <object_component id="oc-3e">
         <name>.debug_abbrev</name>
         <load_address>0x591</load_address>
         <run_address>0x591</run_address>
         <size>0x1f</size>
         <input_file_ref idref="fl-7"/>
      </object_component>
      <object_component id="oc-12e">
         <name>.debug_abbrev</name>
         <load_address>0x5b0</load_address>
         <run_address>0x5b0</run_address>
         <size>0x5c</size>
         <input_file_ref idref="fl-7"/>
      </object_component>
      <object_component id="oc-b5">
         <name>.debug_abbrev</name>
         <load_address>0x60c</load_address>
         <run_address>0x60c</run_address>
         <size>0x24</size>
         <input_file_ref idref="fl-7"/>
      </object_component>
      <object_component id="oc-1e1">
         <name>.debug_abbrev</name>
         <load_address>0x630</load_address>
         <run_address>0x630</run_address>
         <size>0x24</size>
         <input_file_ref idref="fl-7"/>
      </object_component>
      <object_component id="oc-ac">
         <name>.debug_abbrev</name>
         <load_address>0x654</load_address>
         <run_address>0x654</run_address>
         <size>0x7c</size>
         <input_file_ref idref="fl-a"/>
      </object_component>
      <object_component id="oc-33">
         <name>.debug_abbrev</name>
         <load_address>0x6d0</load_address>
         <run_address>0x6d0</run_address>
         <size>0x29</size>
         <input_file_ref idref="fl-a"/>
      </object_component>
      <object_component id="oc-73">
         <name>.debug_abbrev</name>
         <load_address>0x6f9</load_address>
         <run_address>0x6f9</run_address>
         <size>0x79</size>
         <input_file_ref idref="fl-a"/>
      </object_component>
      <object_component id="oc-1d8">
         <name>.debug_abbrev</name>
         <load_address>0x772</load_address>
         <run_address>0x772</run_address>
         <size>0x81</size>
         <input_file_ref idref="fl-10"/>
      </object_component>
      <object_component id="oc-1d6">
         <name>.debug_abbrev</name>
         <load_address>0x7f3</load_address>
         <run_address>0x7f3</run_address>
         <size>0x27</size>
         <input_file_ref idref="fl-10"/>
      </object_component>
      <object_component id="oc-1cf">
         <name>.debug_abbrev</name>
         <load_address>0x81a</load_address>
         <run_address>0x81a</run_address>
         <size>0x27</size>
         <input_file_ref idref="fl-10"/>
      </object_component>
      <object_component id="oc-185">
         <name>.debug_abbrev</name>
         <load_address>0x841</load_address>
         <run_address>0x841</run_address>
         <size>0x11b</size>
         <input_file_ref idref="fl-10"/>
      </object_component>
      <object_component id="oc-1d3">
         <name>.debug_abbrev</name>
         <load_address>0x95c</load_address>
         <run_address>0x95c</run_address>
         <size>0x42</size>
         <input_file_ref idref="fl-10"/>
      </object_component>
      <object_component id="oc-10d">
         <name>.debug_abbrev</name>
         <load_address>0x99e</load_address>
         <run_address>0x99e</run_address>
         <size>0x5a</size>
         <input_file_ref idref="fl-10"/>
      </object_component>
      <object_component id="oc-1dc">
         <name>.debug_abbrev</name>
         <load_address>0x9f8</load_address>
         <run_address>0x9f8</run_address>
         <size>0x33</size>
         <input_file_ref idref="fl-10"/>
      </object_component>
      <object_component id="oc-19e">
         <name>.debug_abbrev</name>
         <load_address>0xa2b</load_address>
         <run_address>0xa2b</run_address>
         <size>0x93</size>
         <input_file_ref idref="fl-25"/>
      </object_component>
      <object_component id="oc-19c">
         <name>.debug_abbrev</name>
         <load_address>0xabe</load_address>
         <run_address>0xabe</run_address>
         <size>0x27</size>
         <input_file_ref idref="fl-25"/>
      </object_component>
      <object_component id="oc-10a">
         <name>.debug_abbrev</name>
         <load_address>0xae5</load_address>
         <run_address>0xae5</run_address>
         <size>0x137</size>
         <input_file_ref idref="fl-25"/>
      </object_component>
      <object_component id="oc-1a2">
         <name>.debug_abbrev</name>
         <load_address>0xc1c</load_address>
         <run_address>0xc1c</run_address>
         <size>0x58</size>
         <input_file_ref idref="fl-25"/>
      </object_component>
      <object_component id="oc-1ab">
         <name>.debug_abbrev</name>
         <load_address>0xc74</load_address>
         <run_address>0xc74</run_address>
         <size>0x57</size>
         <input_file_ref idref="fl-26"/>
      </object_component>
      <object_component id="oc-1a9">
         <name>.debug_abbrev</name>
         <load_address>0xccb</load_address>
         <run_address>0xccb</run_address>
         <size>0x27</size>
         <input_file_ref idref="fl-26"/>
      </object_component>
      <object_component id="oc-11f">
         <name>.debug_abbrev</name>
         <load_address>0xcf2</load_address>
         <run_address>0xcf2</run_address>
         <size>0x29</size>
         <input_file_ref idref="fl-26"/>
      </object_component>
      <object_component id="oc-19a">
         <name>.debug_abbrev</name>
         <load_address>0xd1b</load_address>
         <run_address>0xd1b</run_address>
         <size>0x3e</size>
         <input_file_ref idref="fl-29"/>
      </object_component>
      <object_component id="oc-198">
         <name>.debug_abbrev</name>
         <load_address>0xd59</load_address>
         <run_address>0xd59</run_address>
         <size>0x27</size>
         <input_file_ref idref="fl-29"/>
      </object_component>
      <object_component id="oc-100">
         <name>.debug_abbrev</name>
         <load_address>0xd80</load_address>
         <run_address>0xd80</run_address>
         <size>0x159</size>
         <input_file_ref idref="fl-29"/>
      </object_component>
      <object_component id="oc-1a7">
         <name>.debug_abbrev</name>
         <load_address>0xed9</load_address>
         <run_address>0xed9</run_address>
         <size>0x2c</size>
         <input_file_ref idref="fl-2a"/>
      </object_component>
      <object_component id="oc-1a5">
         <name>.debug_abbrev</name>
         <load_address>0xf05</load_address>
         <run_address>0xf05</run_address>
         <size>0x29</size>
         <input_file_ref idref="fl-2a"/>
      </object_component>
      <object_component id="oc-119">
         <name>.debug_abbrev</name>
         <load_address>0xf2e</load_address>
         <run_address>0xf2e</run_address>
         <size>0x29</size>
         <input_file_ref idref="fl-2a"/>
      </object_component>
      <object_component id="oc-189">
         <name>.debug_abbrev</name>
         <load_address>0xf57</load_address>
         <run_address>0xf57</run_address>
         <size>0x64</size>
         <input_file_ref idref="fl-2f"/>
      </object_component>
      <object_component id="oc-187">
         <name>.debug_abbrev</name>
         <load_address>0xfbb</load_address>
         <run_address>0xfbb</run_address>
         <size>0x27</size>
         <input_file_ref idref="fl-2f"/>
      </object_component>
      <object_component id="oc-ee">
         <name>.debug_abbrev</name>
         <load_address>0xfe2</load_address>
         <run_address>0xfe2</run_address>
         <size>0x177</size>
         <input_file_ref idref="fl-2f"/>
      </object_component>
      <object_component id="oc-196">
         <name>.debug_abbrev</name>
         <load_address>0x1159</load_address>
         <run_address>0x1159</run_address>
         <size>0x43</size>
         <input_file_ref idref="fl-30"/>
      </object_component>
      <object_component id="oc-fa">
         <name>.debug_abbrev</name>
         <load_address>0x119c</load_address>
         <run_address>0x119c</run_address>
         <size>0x29</size>
         <input_file_ref idref="fl-30"/>
      </object_component>
      <object_component id="oc-18f">
         <name>.debug_abbrev</name>
         <load_address>0x11c5</load_address>
[...]
   </cptbl_list>
   <handler_table>
      <handler_table_name>__TI_handler_table</handler_table_name>
      <handler>
         <index>0x0</index>
         <name>__TI_decompress_lzss</name>
      </handler>
      <handler>
         <index>0x1</index>
         <name>__TI_decompress_none</name>
      </handler>
      <handler>
         <index>0x2</index>
         <name>__TI_zero_init</name>
      </handler>
   </handler_table>
   <symbol_table>
      <symbol id="sm-1">
         <name>__STACK_TOP</name>
         <value>0x20000200</value>
      </symbol>
      <symbol id="sm-2">
         <name>__start___llvm_prf_cnts</name>
         <value>0x20000000</value>
      </symbol>
      <symbol id="sm-3">
         <name>__stop___llvm_prf_cnts</name>
         <value>0x20000000</value>
      </symbol>
      <symbol id="sm-4">
         <name>__TI_CINIT_Base</name>
         <value>0x3170</value>
      </symbol>
      <symbol id="sm-5">
         <name>__TI_CINIT_Limit</name>
         <value>0x3180</value>
      </symbol>
      <symbol id="sm-6">
         <name>__TI_Handler_Table_Base</name>
         <value>0x3158</value>
      </symbol>
      <symbol id="sm-7">
         <name>__TI_Handler_Table_Limit</name>
         <value>0x3164</value>
      </symbol>
      <symbol id="sm-8">
         <name>binit</name>
         <value>0xffffffff</value>
      </symbol>
      <symbol id="sm-9">
         <name>__binit__</name>
         <value>0xffffffff</value>
      </symbol>
      <symbol id="sm-a">
         <name>__STACK_SIZE</name>
         <value>0x200</value>
      </symbol>
      <symbol id="sm-b">
         <name>__STACK_END</name>
         <value>0x20000200</value>
      </symbol>
      <symbol id="sm-c">
         <name>__c_args__</name>
         <value>0xffffffff</value>
      </symbol>
      <symbol id="sm-d">
         <name>__TI_pprof_out_hndl</name>
         <value>0xffffffff</value>
      </symbol>
      <symbol id="sm-e">
         <name>__TI_prof_data_start</name>
         <value>0xffffffff</value>
      </symbol>
      <symbol id="sm-f">
         <name>__TI_prof_data_size</name>
         <value>0xffffffff</value>
      </symbol>
      <symbol id="sm-10d">
         <name>Test_Qei_DeInit</name>
         <value>0x155f</value>
         <object_component_ref idref="oc-2d"/>
      </symbol>
      <symbol id="sm-10e">
         <name>Timer2A_Handler</name>
         <value>0xfdd</value>
         <object_component_ref idref="oc-2d"/>
      </symbol>
      <symbol id="sm-10f">
         <name>ResetTestVariables</name>
         <value>0x1109</value>
         <object_component_ref idref="oc-2d"/>
      </symbol>
      <symbol id="sm-110">
         <name>lastDirection</name>
         <value>0x20000350</value>
         <object_component_ref idref="oc-80"/>
      </symbol>
      <symbol id="sm-111">
         <name>Test_Qei_Status</name>
         <value>0x14ed</value>
         <object_component_ref idref="oc-2d"/>
      </symbol>
      <symbol id="sm-112">
         <name>Test_Qei_PositionWrap</name>
         <value>0x129b</value>
         <object_component_ref idref="oc-2d"/>
      </symbol>
      <symbol id="sm-113">
         <name>PrintTestHeader</name>
         <value>0x1003</value>
         <object_component_ref idref="oc-2d"/>
      </symbol>
      <symbol id="sm-114">
         <name>SimpleDelay</name>
         <value>0xfdf</value>
         <object_component_ref idref="oc-2d"/>
      </symbol>
      <symbol id="sm-115">
         <name>Test_Qei_PositionRead</name>
         <value>0x115f</value>
         <object_component_ref idref="oc-2d"/>
      </symbol>
      <symbol id="sm-116">
         <name>Uart_SendInt</name>
         <value>0x1065</value>
         <object_component_ref idref="oc-2d"/>
      </symbol>
      <symbol id="sm-117">
         <name>Test_Qei_PositionIncrement</name>
         <value>0x1451</value>
         <object_component_ref idref="oc-2d"/>
      </symbol>
      <symbol id="sm-118">
         <name>Test_Qei_MultipleReads</name>
         <value>0x13c1</value>
         <object_component_ref idref="oc-2d"/>
      </symbol>
      <symbol id="sm-119">
         <name>QEI0_Handler</name>
         <value>0xfcd</value>
         <object_component_ref idref="oc-2d"/>
      </symbol>
      <symbol id="sm-11a">
         <name>SimulateEncoderRotation</name>
         <value>0x1123</value>
         <object_component_ref idref="oc-2d"/>
      </symbol>
      <symbol id="sm-11b">
         <name>main</name>
         <value>0x16d9</value>
         <object_component_ref idref="oc-2d"/>
      </symbol>
      <symbol id="sm-11c">
         <name>Test_Qei_Direction</name>
         <value>0x1225</value>
         <object_component_ref idref="oc-2d"/>
      </symbol>
      <symbol id="sm-11d">
         <name>Test_Qei_PositionSet</name>
         <value>0x11ab</value>
         <object_component_ref idref="oc-2d"/>
      </symbol>
      <symbol id="sm-11e">
         <name>directionInterruptFired</name>
         <value>0x20000349</value>
         <object_component_ref idref="oc-80"/>
      </symbol>
      <symbol id="sm-11f">
         <name>errorInterruptFired</name>
         <value>0x2000034a</value>
         <object_component_ref idref="oc-80"/>
      </symbol>
      <symbol id="sm-120">
         <name>Test_Qei_Init</name>
         <value>0x112f</value>
         <object_component_ref idref="oc-2d"/>
      </symbol>
      <symbol id="sm-121">
         <name>Test_Qei_InterruptControl</name>
         <value>0x1369</value>
         <object_component_ref idref="oc-2d"/>
      </symbol>
      <symbol id="sm-122">
         <name>indexInterruptFired</name>
         <value>0x20000348</value>
         <object_component_ref idref="oc-80"/>
      </symbol>
      <symbol id="sm-123">
         <name>PrintTestResult</name>
         <value>0x1029</value>
         <object_component_ref idref="oc-2d"/>
      </symbol>
      <symbol id="sm-124">
         <name>Test_Qei_Velocity</name>
         <value>0x1265</value>
         <object_component_ref idref="oc-2d"/>
      </symbol>
      <symbol id="sm-125">
         <name>interruptCount</name>
         <value>0x2000034c</value>
         <object_component_ref idref="oc-80"/>
      </symbol>
      <symbol id="sm-143">
         <name>ResetISR</name>
         <value>0x301b</value>
         <object_component_ref idref="oc-27"/>
      </symbol>
      <symbol id="sm-144">
         <name>g_pfnVectors</name>
         <value>0x0</value>
         <object_component_ref idref="oc-12"/>
      </symbol>
      <symbol id="sm-199">
         <name>Det_GetVersionInfo</name>
         <value>0x2ccb</value>
         <object_component_ref idref="oc-e5"/>
      </symbol>
      <symbol id="sm-19a">
         <name>Det_ClearErrorBuffer</name>
         <value>0x2d7f</value>
         <object_component_ref idref="oc-e5"/>
      </symbol>
      <symbol id="sm-19b">
         <name>Det_DeInit</name>
         <value>0x2c2b</value>
         <object_component_ref idref="oc-e5"/>
      </symbol>
      <symbol id="sm-19c">
         <name>Det_GetErrorReport</name>
         <value>0x2d09</value>
         <object_component_ref idref="oc-e5"/>
      </symbol>
      <symbol id="sm-19d">
         <name>Det_GetErrorCount</name>
         <value>0x2db1</value>
         <object_component_ref idref="oc-e5"/>
      </symbol>
      <symbol id="sm-19e">
         <name>Det_Init</name>
         <value>0x2bef</value>
         <object_component_ref idref="oc-e5"/>
      </symbol>
      <symbol id="sm-19f">
         <name>Det_SetCallback</name>
         <value>0x2db7</value>
         <object_component_ref idref="oc-e5"/>
      </symbol>
      <symbol id="sm-1a0">
         <name>Det_ReportError</name>
         <value>0x2c6f</value>
         <object_component_ref idref="oc-e5"/>
      </symbol>
      <symbol id="sm-26a">
         <name>Gpio_EnableInterrupt</name>
         <value>0xe15</value>
         <object_component_ref idref="oc-8c"/>
      </symbol>
      <symbol id="sm-26b">
         <name>Gpio_WriteChannel</name>
         <value>0x9cb</value>
         <object_component_ref idref="oc-8c"/>
      </symbol>
      <symbol id="sm-26c">
         <name>Gpio_FlipChannel</name>
         <value>0xaf1</value>
         <object_component_ref idref="oc-8c"/>
      </symbol>
      <symbol id="sm-26d">
         <name>Gpio_SetPinDirection</name>
         <value>0xbd9</value>
         <object_component_ref idref="oc-8c"/>
      </symbol>
      <symbol id="sm-26e">
         <name>Gpio_ReadChannel</name>
         <value>0x94d</value>
         <object_component_ref idref="oc-8c"/>
      </symbol>
      <symbol id="sm-26f">
         <name>Gpio_WritePort</name>
         <value>0xaa7</value>
         <object_component_ref idref="oc-8c"/>
      </symbol>
      <symbol id="sm-270">
         <name>Gpio_ReadChannelGroup</name>
         <value>0xd25</value>
         <object_component_ref idref="oc-8c"/>
      </symbol>
      <symbol id="sm-271">
         <name>Gpio_WriteChannelGroup</name>
         <value>0xd97</value>
         <object_component_ref idref="oc-8c"/>
      </symbol>
      <symbol id="sm-272">
         <name>Gpio_ClearInterrupt</name>
         <value>0xee5</value>
         <object_component_ref idref="oc-8c"/>
      </symbol>
      <symbol id="sm-273">
         <name>Gpio_Init</name>
         <value>0x8c9</value>
         <object_component_ref idref="oc-8c"/>
      </symbol>
      <symbol id="sm-274">
         <name>Gpio_RefreshPortDirection</name>
         <value>0xc61</value>
         <object_component_ref idref="oc-8c"/>
      </symbol>
      <symbol id="sm-275">
         <name>Gpio_ReadPort</name>
         <value>0xa4f</value>
         <object_component_ref idref="oc-8c"/>
      </symbol>
      <symbol id="sm-276">
         <name>Gpio_GetInterruptStatus</name>
         <value>0xf51</value>
         <object_component_ref idref="oc-8c"/>
      </symbol>
      <symbol id="sm-277">
         <name>Gpio_DisableInterrupt</name>
         <value>0xe7b</value>
         <object_component_ref idref="oc-8c"/>
      </symbol>
      <symbol id="sm-278">
         <name>Gpio_GetVersionInfo</name>
         <value>0xb99</value>
         <object_component_ref idref="oc-8c"/>
      </symbol>
      <symbol id="sm-28a">
         <name>Gpio_Configuration</name>
         <value>0x3134</value>
         <object_component_ref idref="oc-95"/>
      </symbol>
      <symbol id="sm-302">
         <name>Mcu_SetMode</name>
         <value>0x28b5</value>
         <object_component_ref idref="oc-86"/>
      </symbol>
      <symbol id="sm-303">
         <name>Mcu_Init</name>
         <value>0x27ad</value>
         <object_component_ref idref="oc-86"/>
      </symbol>
      <symbol id="sm-304">
         <name>Mcu_GetSystemClock</name>
         <value>0x2907</value>
         <object_component_ref idref="oc-86"/>
      </symbol>
      <symbol id="sm-305">
         <name>Mcu_GetPllStatus</name>
         <value>0x2831</value>
         <object_component_ref idref="oc-86"/>
      </symbol>
      <symbol id="sm-306">
         <name>Mcu_DistributePllClock</name>
         <value>0x27f7</value>
         <object_component_ref idref="oc-86"/>
      </symbol>
      <symbol id="sm-307">
         <name>Mcu_InitClock</name>
         <value>0x27cf</value>
         <object_component_ref idref="oc-86"/>
      </symbol>
      <symbol id="sm-308">
         <name>Mcu_DisablePeripheralClock</name>
         <value>0x2955</value>
         <object_component_ref idref="oc-86"/>
      </symbol>
      <symbol id="sm-309">
         <name>Mcu_GetResetReason</name>
         <value>0x284b</value>
         <object_component_ref idref="oc-86"/>
      </symbol>
      <symbol id="sm-30a">
         <name>Mcu_GetResetRawValue</name>
         <value>0x289d</value>
         <object_component_ref idref="oc-86"/>
      </symbol>
      <symbol id="sm-30b">
         <name>Mcu_EnablePeripheralClock</name>
         <value>0x2917</value>
         <object_component_ref idref="oc-86"/>
      </symbol>
      <symbol id="sm-30c">
         <name>Mcu_PerformReset</name>
         <value>0x28ad</value>
         <object_component_ref idref="oc-86"/>
      </symbol>
      <symbol id="sm-31d">
         <name>Mcu_Config_80MHz</name>
         <value>0x313c</value>
         <object_component_ref idref="oc-116"/>
      </symbol>
      <symbol id="sm-31e">
         <name>Mcu_ConfigPtr</name>
         <value>0x2000035c</value>
         <object_component_ref idref="oc-92"/>
      </symbol>
      <symbol id="sm-397">
         <name>Qei_Init</name>
         <value>0x24f9</value>
         <object_component_ref idref="oc-74"/>
      </symbol>
      <symbol id="sm-398">
         <name>Qei_DisableInterrupt</name>
         <value>0x26b7</value>
         <object_component_ref idref="oc-74"/>
      </symbol>
      <symbol id="sm-399">
         <name>Qei_GetPosition</name>
         <value>0x25d3</value>
         <object_component_ref idref="oc-74"/>
      </symbol>
      <symbol id="sm-39a">
         <name>Qei_Qei1Handler</name>
         <value>0x279b</value>
         <object_component_ref idref="oc-74"/>
      </symbol>
      <symbol id="sm-39b">
         <name>Qei_GetVersionInfo</name>
         <value>0x2759</value>
         <object_component_ref idref="oc-74"/>
      </symbol>
      <symbol id="sm-39c">
         <name>Qei_GetDirection</name>
         <value>0x2721</value>
         <object_component_ref idref="oc-74"/>
      </symbol>
      <symbol id="sm-39d">
         <name>Qei_Qei0Handler</name>
         <value>0x2791</value>
         <object_component_ref idref="oc-74"/>
      </symbol>
      <symbol id="sm-39e">
         <name>Qei_GetStatus</name>
         <value>0x2715</value>
         <object_component_ref idref="oc-74"/>
      </symbol>
      <symbol id="sm-39f">
         <name>Qei_EnableInterrupt</name>
         <value>0x2685</value>
         <object_component_ref idref="oc-74"/>
      </symbol>
      <symbol id="sm-3a0">
         <name>Qei_ClearInterrupt</name>
         <value>0x26e9</value>
         <object_component_ref idref="oc-74"/>
      </symbol>
      <symbol id="sm-3a1">
         <name>Qei_DeInit</name>
         <value>0x2591</value>
         <object_component_ref idref="oc-74"/>
      </symbol>
      <symbol id="sm-3a2">
         <name>Qei_GetVelocity</name>
         <value>0x2643</value>
         <object_component_ref idref="oc-74"/>
      </symbol>
      <symbol id="sm-3a3">
         <name>Qei_SetPosition</name>
         <value>0x25fd</value>
         <object_component_ref idref="oc-74"/>
      </symbol>
      <symbol id="sm-3ae">
         <name>Qei_Config</name>
         <value>0x30d8</value>
         <object_component_ref idref="oc-83"/>
      </symbol>
      <symbol id="sm-430">
         <name>Uart_Init</name>
         <value>0x1ce3</value>
         <object_component_ref idref="oc-7a"/>
      </symbol>
      <symbol id="sm-431">
         <name>Uart_GetStatus</name>
         <value>0x217f</value>
         <object_component_ref idref="oc-7a"/>
      </symbol>
      <symbol id="sm-432">
         <name>Uart_GetVersionInfo</name>
         <value>0x2239</value>
         <object_component_ref idref="oc-7a"/>
      </symbol>
      <symbol id="sm-433">
         <name>Uart_IsRxDataAvailable</name>
         <value>0x2201</value>
         <object_component_ref idref="oc-7a"/>
      </symbol>
      <symbol id="sm-434">
         <name>Uart_DeInit</name>
         <value>0x1e7f</value>
         <object_component_ref idref="oc-7a"/>
      </symbol>
      <symbol id="sm-435">
         <name>Uart_SendBuffer</name>
         <value>0x20dd</value>
         <object_component_ref idref="oc-7a"/>
      </symbol>
      <symbol id="sm-436">
         <name>Uart_SendByte</name>
         <value>0x1f25</value>
         <object_component_ref idref="oc-7a"/>
      </symbol>
      <symbol id="sm-437">
         <name>Uart_ReceiveByte</name>
         <value>0x1f9d</value>
         <object_component_ref idref="oc-7a"/>
      </symbol>
      <symbol id="sm-438">
         <name>Uart_IsTxFifoEmpty</name>
         <value>0x21c9</value>
         <object_component_ref idref="oc-7a"/>
      </symbol>
      <symbol id="sm-439">
         <name>Uart_SendString</name>
         <value>0x2041</value>
         <object_component_ref idref="oc-7a"/>
      </symbol>
      <symbol id="sm-444">
         <name>Uart0_Config_115200</name>
         <value>0x311c</value>
         <object_component_ref idref="oc-98"/>
      </symbol>
      <symbol id="sm-46a">
         <name>memcpy</name>
         <value>0x2df9</value>
         <object_component_ref idref="oc-41"/>
      </symbol>
      <symbol id="sm-46b">
         <name>__aeabi_memcpy</name>
         <value>0x2df9</value>
         <object_component_ref idref="oc-41"/>
      </symbol>
      <symbol id="sm-46c">
         <name>__aeabi_memcpy8</name>
         <value>0x2df9</value>
         <object_component_ref idref="oc-41"/>
      </symbol>
      <symbol id="sm-46d">
         <name>__aeabi_memcpy4</name>
         <value>0x2df9</value>
         <object_component_ref idref="oc-41"/>
      </symbol>
      <symbol id="sm-47c">
         <name>__aeabi_memset</name>
         <value>0x2e97</value>
         <object_component_ref idref="oc-cd"/>
      </symbol>
      <symbol id="sm-47d">
         <name>memset</name>
         <value>0x2e9d</value>
         <object_component_ref idref="oc-cd"/>
      </symbol>
      <symbol id="sm-47e">
         <name>__aeabi_memset8</name>
         <value>0x2e97</value>
         <object_component_ref idref="oc-cd"/>
      </symbol>
      <symbol id="sm-47f">
         <name>__aeabi_memset4</name>
         <value>0x2e97</value>
         <object_component_ref idref="oc-cd"/>
      </symbol>
      <symbol id="sm-480">
         <name>__aeabi_memclr8</name>
         <value>0x2e95</value>
         <object_component_ref idref="oc-cd"/>
      </symbol>
      <symbol id="sm-481">
         <name>__aeabi_memclr4</name>
         <value>0x2e95</value>
         <object_component_ref idref="oc-cd"/>
      </symbol>
      <symbol id="sm-482">
         <name>__aeabi_memclr</name>
         <value>0x2e95</value>
         <object_component_ref idref="oc-cd"/>
      </symbol>
      <symbol id="sm-49c">
         <name>__TI_zero_init_nomemset</name>
         <value>0x2ff1</value>
         <object_component_ref idref="oc-4d"/>
      </symbol>
      <symbol id="sm-4b3">
         <name>__TI_decompress_none</name>
         <value>0x300d</value>
         <object_component_ref idref="oc-1b"/>
      </symbol>
      <symbol id="sm-4d6">
         <name>__TI_decompress_lzss</name>
         <value>0x2f0f</value>
         <object_component_ref idref="oc-15"/>
      </symbol>
      <symbol id="sm-4ee">
         <name>__stack</name>
         <value>0x20000000</value>
         <object_component_ref idref="oc-24"/>
      </symbol>
      <symbol id="sm-4ef">
         <name>_c_int00_noargs</name>
         <value>0x2fbd</value>
         <object_component_ref idref="oc-5f"/>
      </symbol>
      <symbol id="sm-51e">
         <name>__TI_auto_init_nobinit_nopinit</name>
         <value>0x2f79</value>
         <object_component_ref idref="oc-14d"/>
      </symbol>
      <symbol id="sm-528">
         <name>_system_pre_init</name>
         <value>0x3027</value>
         <object_component_ref idref="oc-d3"/>
      </symbol>
      <symbol id="sm-534">
         <name>C$$EXIT</name>
         <value>0x302b</value>
         <object_component_ref idref="oc-141"/>
      </symbol>
      <symbol id="sm-535">
         <name>abort</name>
         <value>0x302b</value>
         <object_component_ref idref="oc-141"/>
      </symbol>
      <symbol id="sm-539">
         <name>__TI_static_base__</name>
         <value>0x0</value>
      </symbol>
      <symbol id="sm-53c">
         <name>__mpu_init</name>
         <value>0x0</value>
      </symbol>
      <symbol id="sm-53d">
         <name>_system_post_cinit</name>
         <value>0x0</value>
      </symbol>
   </symbol_table>
   <title>Link successful</title>
</link_info>
