******************************************************************************
                  TI ARM Linker PC v20.2.7                     
******************************************************************************
>> Linked Thu Jan  8 01:14:10 2026

OUTPUT FILE NAME:   <Graduation_Project.out>
ENTRY POINT SYMBOL: "_c_int00_noargs"  address: 00003265


MEMORY CONFIGURATION

         name            origin    length      used     unused   attr    fill
----------------------  --------  ---------  --------  --------  ----  --------
  FLASH                 00000000   00040000  00003472  0003cb8e  R  X
  SRAM                  20000000   00008000  00000375  00007c8b  RW X


SEGMENT ALLOCATION MAP

run origin  load origin   length   init length attrs members
----------  ----------- ---------- ----------- ----- -------
00000000    00000000    00003478   00003478    r-x
  00000000    00000000    0000026c   0000026c    r-- .intvecs
  0000026c    0000026c    0000306a   0000306a    r-x .text
  000032d8    000032d8    00000164   00000164    r-- .const
  00003440    00003440    00000038   00000038    r-- .cinit
20000000    20000000    00000375   00000000    rw-
  20000000    20000000    00000200   00000000    rw- .stack
  20000200    20000200    00000140   00000000    rw- .bss
  20000340    20000340    00000035   00000000    rw- .data


SECTION ALLOCATION MAP

 output                                  attributes/
section   page    origin      length       input sections
--------  ----  ----------  ----------   ----------------
.intvecs   0    00000000    0000026c     
                  00000000    0000026c     tm4c123gh6pm_startup_ccs.obj (.intvecs)

.text      0    0000026c    0000306a     
                  0000026c    00000d60     GPIO.obj (.text)
                  00000fcc    00000cf0     ADC.obj (.text)
                  00001cbc    00000648     UART.obj (.text)
                  00002304    00000504     NVIC.obj (.text)
                  00002808    000003d8     MCU.obj (.text)
                  00002be0    00000274     Det.obj (.text)
                  00002e54    0000024c     main_ros2.obj (.text)
                  000030a0    0000009c     rtsv7M4_T_le_v4SPD16_eabi.lib : memcpy_t2.asm.obj (.text)
                  0000313c    0000007a                                   : memset_t2.asm.obj (.text)
                  000031b6    00000068                                   : copy_decompress_lzss.c.obj (.text:decompress:lzss:__TI_decompress_lzss)
                  0000321e    00000002     --HOLE-- [fill = 0]
                  00003220    00000044                                   : autoinit.c.obj (.text:__TI_auto_init_nobinit_nopinit:__TI_auto_init_nobinit_nopinit)
                  00003264    00000034                                   : boot_cortex_m.c.obj (.text:_c_int00_noargs:_c_int00_noargs)
                  00003298    0000001c                                   : copy_zero_init.c.obj (.text:decompress:ZI:__TI_zero_init_nomemset:__TI_zero_init_nomemset)
                  000032b4    0000000e                                   : copy_decompress_none.c.obj (.text:decompress:none:__TI_decompress_none)
                  000032c2    0000000c     tm4c123gh6pm_startup_ccs.obj (.text)
                  000032ce    00000004     rtsv7M4_T_le_v4SPD16_eabi.lib : pre_init.c.obj (.text:_system_pre_init)
                  000032d2    00000004                                   : exit.c.obj (.text:abort:abort)

.const     0    000032d8    00000164     
                  000032d8    00000108     Gpio_PBCfg.obj (.const:Gpio_PinConfigurations)
                  000033e0    00000020     UART.obj (.const:Uart_BaseAddress)
                  00003400    00000018     main_ros2.obj (.const:$P$T0$1)
                  00003418    00000018     main_ros2.obj (.const:$P$T1$2)
                  00003430    00000008     Gpio_PBCfg.obj (.const:Gpio_Configuration)
                  00003438    00000004     Mcu_PBcfg.obj (.const:Mcu_Config_80MHz)

.cinit     0    00003440    00000038     
                  00003440    00000013     (.cinit..data.load) [load image, compression = lzss]
                  00003453    00000001     --HOLE-- [fill = 0]
                  00003454    0000000c     (__TI_handler_table)
                  00003460    00000008     (.cinit..bss.load) [load image, compression = zero_init]
                  00003468    00000010     (__TI_cinit_table)

.init_array 
*          0    00000000    00000000     UNINITIALIZED

.bss       0    20000200    00000140     UNINITIALIZED
                  20000200    000000c0     Det.obj (.bss:Det_ErrorBuffer)
                  200002c0    00000060     UART.obj (.bss:Uart_RuntimeState)
                  20000320    00000020     ADC.obj (.bss:Adc_GroupRuntime)

.data      0    20000340    00000035     UNINITIALIZED
                  20000340    0000000d     MCU.obj (.data)
                  2000034d    00000001     NVIC.obj (.data)
                  2000034e    00000002     --HOLE--
                  20000350    0000000c     Det.obj (.data)
                  2000035c    00000009     GPIO.obj (.data)
                  20000365    00000003     --HOLE--
                  20000368    00000008     main_ros2.obj (.data)
                  20000370    00000005     ADC.obj (.data)

.stack     0    20000000    00000200     UNINITIALIZED
                  20000000    00000004     rtsv7M4_T_le_v4SPD16_eabi.lib : boot_cortex_m.c.obj (.stack)
                  20000004    000001fc     --HOLE--

__llvm_prf_cnts 
*          0    20000000    00000000     UNINITIALIZED

MODULE SUMMARY

       Module                         code    ro data   rw data
       ------                         ----    -------   -------
    .\
       main_ros2.obj                  588     48        8      
       tm4c123gh6pm_startup_ccs.obj   12      620       0      
    +--+------------------------------+-------+---------+---------+
       Total:                         600     668       8      
                                                               
    .\CONFIG\
       Det.obj                        628     0         204    
    +--+------------------------------+-------+---------+---------+
       Total:                         628     0         204    
                                                               
    .\MCAL\ADC\
       ADC.obj                        3312    0         37     
    +--+------------------------------+-------+---------+---------+
       Total:                         3312    0         37     
                                                               
    .\MCAL\GPIO\
       GPIO.obj                       3424    0         9      
       Gpio_PBCfg.obj                 0       272       0      
    +--+------------------------------+-------+---------+---------+
       Total:                         3424    272       9      
                                                               
    .\MCAL\MCU\
       MCU.obj                        984     0         13     
       Mcu_PBcfg.obj                  0       4         0      
    +--+------------------------------+-------+---------+---------+
       Total:                         984     4         13     
                                                               
    .\MCAL\NVIC\
       NVIC.obj                       1284    0         1      
    +--+------------------------------+-------+---------+---------+
       Total:                         1284    0         1      
                                                               
    .\MCAL\UART\
       UART.obj                       1608    32        96     
    +--+------------------------------+-------+---------+---------+
       Total:                         1608    32        96     
                                                               
    C:\ti\ccs1281\ccs\tools\compiler\ti-cgt-arm_20.2.7.LTS\lib\rtsv7M4_T_le_v4SPD16_eabi.lib
       memcpy_t2.asm.obj              156     0         0      
       memset_t2.asm.obj              122     0         0      
       copy_decompress_lzss.c.obj     104     0         0      
       autoinit.c.obj                 68      0         0      
       boot_cortex_m.c.obj            52      0         0      
       copy_zero_init.c.obj           28      0         0      
       copy_decompress_none.c.obj     14      0         0      
       exit.c.obj                     4       0         0      
       pre_init.c.obj                 4       0         0      
    +--+------------------------------+-------+---------+---------+
       Total:                         552     0         0      
                                                               
       Stack:                         0       0         512    
       Linker Generated:              0       55        0      
    +--+------------------------------+-------+---------+---------+
       Grand Total:                   12392   1031      880    


LINKER GENERATED COPY TABLES

__TI_cinit_table @ 00003468 records: 2, size/record: 8, table size: 16
	.data: load addr=00003440, load size=00000013 bytes, run addr=20000340, run size=00000035 bytes, compression=lzss
	.bss: load addr=00003460, load size=00000008 bytes, run addr=20000200, run size=00000140 bytes, compression=zero_init


LINKER GENERATED HANDLER TABLE

__TI_handler_table @ 00003454 records: 3, size/record: 4, table size: 12
	index: 0, handler: __TI_decompress_lzss
	index: 1, handler: __TI_decompress_none
	index: 2, handler: __TI_zero_init


GLOBAL SYMBOLS: SORTED ALPHABETICALLY BY Name 

address   name                          
-------   ----                          
00001c15  Adc_ADC0SS0_ISR               
00001c21  Adc_ADC0SS1_ISR               
00001c2d  Adc_ADC0SS2_ISR               
00001c39  Adc_ADC0SS3_ISR               
00001c45  Adc_ADC1SS0_ISR               
00001c51  Adc_ADC1SS1_ISR               
00001c5d  Adc_ADC1SS2_ISR               
00001c69  Adc_ADC1SS3_ISR               
000015a9  Adc_DeInit                    
00001ad7  Adc_DisableGroupNotification  
00001a13  Adc_DisableHardwareTrigger    
00001a67  Adc_EnableGroupNotification   
000019a9  Adc_EnableHardwareTrigger     
00001967  Adc_GetGroupStatus            
00001c79  Adc_GetVersionInfo            
0000147b  Adc_Init                      
00001b4b  Adc_MainFunction_Handling     
000018ab  Adc_ReadGroup                 
00001689  Adc_SetupResultBuffer         
00001759  Adc_StartGroupConversion      
0000182b  Adc_StopGroupConversion       
000032d3  C$$EXIT                       
00002ddb  Det_ClearErrorBuffer          
00002c87  Det_DeInit                    
00002e0d  Det_GetErrorCount             
00002d65  Det_GetErrorReport            
00002d27  Det_GetVersionInfo            
00002c4b  Det_Init                      
00002ccb  Det_ReportError               
00002e13  Det_SetCallback               
00002efb  ForwardPCToRPi                
00002f5b  ForwardRPiToPC                
00000ee5  Gpio_ClearInterrupt           
00003430  Gpio_Configuration            
00000e7b  Gpio_DisableInterrupt         
00000e15  Gpio_EnableInterrupt          
00000af1  Gpio_FlipChannel              
00000f51  Gpio_GetInterruptStatus       
00000b99  Gpio_GetVersionInfo           
000008c9  Gpio_Init                     
0000094d  Gpio_ReadChannel              
00000d25  Gpio_ReadChannelGroup         
00000a4f  Gpio_ReadPort                 
00000c61  Gpio_RefreshPortDirection     
00000bd9  Gpio_SetPinDirection          
000009cb  Gpio_WriteChannel             
00000d97  Gpio_WriteChannelGroup        
00000aa7  Gpio_WritePort                
00003438  Mcu_Config_80MHz              
000029b1  Mcu_DisablePeripheralClock    
00002853  Mcu_DistributePllClock        
00002973  Mcu_EnablePeripheralClock     
0000288d  Mcu_GetPllStatus              
000028f9  Mcu_GetResetRawValue          
000028a7  Mcu_GetResetReason            
00002963  Mcu_GetSystemClock            
00002809  Mcu_Init                      
0000282b  Mcu_InitClock                 
00002909  Mcu_PerformReset              
00002911  Mcu_SetMode                   
000026d7  NVIC_ClearPendingIRQ          
000025ab  NVIC_DisableIRQ               
0000256b  NVIC_EnableIRQ                
00002775  NVIC_GenerateSoftwareInterrupt
0000264b  NVIC_GetPriority              
000027b5  NVIC_GetVersionInfo           
0000245b  NVIC_Init                     
00002723  NVIC_IsActiveIRQ              
0000268b  NVIC_SetPendingIRQ            
000025f1  NVIC_SetPriority              
00002e57  PC_Print                      
000032c3  ResetISR                      
00002e55  Timer2A_Handler               
00001f0f  Uart_DeInit                   
0000220f  Uart_GetStatus                
000022c9  Uart_GetVersionInfo           
00001d73  Uart_Init                     
00002291  Uart_IsRxDataAvailable        
00002259  Uart_IsTxFifoEmpty            
0000202d  Uart_ReceiveByte              
0000216d  Uart_SendBuffer               
00001fb5  Uart_SendByte                 
000020d1  Uart_SendString               
00002e65  Uint32ToString                
20000200  __STACK_END                   
00000200  __STACK_SIZE                  
20000200  __STACK_TOP                   
00003468  __TI_CINIT_Base               
00003478  __TI_CINIT_Limit              
00003454  __TI_Handler_Table_Base       
00003460  __TI_Handler_Table_Limit      
00003221  __TI_auto_init_nobinit_nopinit
000031b7  __TI_decompress_lzss          
000032b5  __TI_decompress_none          
ffffffff  __TI_pprof_out_hndl           
ffffffff  __TI_prof_data_size           
ffffffff  __TI_prof_data_start          
00000000  __TI_static_base__            
00003299  __TI_zero_init_nomemset       
0000313d  __aeabi_memclr                
0000313d  __aeabi_memclr4               
0000313d  __aeabi_memclr8               
000030a1  __aeabi_memcpy                
000030a1  __aeabi_memcpy4               
000030a1  __aeabi_memcpy8               
0000313f  __aeabi_memset                
0000313f  __aeabi_memset4               
0000313f  __aeabi_memset8               
ffffffff  __binit__                     
ffffffff  __c_args__                    
UNDEFED   __mpu_init                    
20000000  __stack                       
20000000  __start___llvm_prf_cnts       
20000000  __stop___llvm_prf_cnts        
00003265  _c_int00_noargs               
UNDEFED   _system_post_cinit            
000032cf  _system_pre_init              
000032d3  abort                         
ffffffff  binit                         
00000000  g_pfnVectors                  
00002fb1  main                          
000030a1  memcpy                        
00003145  memset                        


GLOBAL SYMBOLS: SORTED BY Symbol Address 

address   name                          
-------   ----                          
00000000  __TI_static_base__            
00000000  g_pfnVectors                  
00000200  __STACK_SIZE                  
000008c9  Gpio_Init                     
0000094d  Gpio_ReadChannel              
000009cb  Gpio_WriteChannel             
00000a4f  Gpio_ReadPort                 
00000aa7  Gpio_WritePort                
00000af1  Gpio_FlipChannel              
00000b99  Gpio_GetVersionInfo           
00000bd9  Gpio_SetPinDirection          
00000c61  Gpio_RefreshPortDirection     
00000d25  Gpio_ReadChannelGroup         
00000d97  Gpio_WriteChannelGroup        
00000e15  Gpio_EnableInterrupt          
00000e7b  Gpio_DisableInterrupt         
00000ee5  Gpio_ClearInterrupt           
00000f51  Gpio_GetInterruptStatus       
0000147b  Adc_Init                      
000015a9  Adc_DeInit                    
00001689  Adc_SetupResultBuffer         
00001759  Adc_StartGroupConversion      
0000182b  Adc_StopGroupConversion       
000018ab  Adc_ReadGroup                 
00001967  Adc_GetGroupStatus            
000019a9  Adc_EnableHardwareTrigger     
00001a13  Adc_DisableHardwareTrigger    
00001a67  Adc_EnableGroupNotification   
00001ad7  Adc_DisableGroupNotification  
00001b4b  Adc_MainFunction_Handling     
00001c15  Adc_ADC0SS0_ISR               
00001c21  Adc_ADC0SS1_ISR               
00001c2d  Adc_ADC0SS2_ISR               
00001c39  Adc_ADC0SS3_ISR               
00001c45  Adc_ADC1SS0_ISR               
00001c51  Adc_ADC1SS1_ISR               
00001c5d  Adc_ADC1SS2_ISR               
00001c69  Adc_ADC1SS3_ISR               
00001c79  Adc_GetVersionInfo            
00001d73  Uart_Init                     
00001f0f  Uart_DeInit                   
00001fb5  Uart_SendByte                 
0000202d  Uart_ReceiveByte              
000020d1  Uart_SendString               
0000216d  Uart_SendBuffer               
0000220f  Uart_GetStatus                
00002259  Uart_IsTxFifoEmpty            
00002291  Uart_IsRxDataAvailable        
000022c9  Uart_GetVersionInfo           
0000245b  NVIC_Init                     
0000256b  NVIC_EnableIRQ                
000025ab  NVIC_DisableIRQ               
000025f1  NVIC_SetPriority              
0000264b  NVIC_GetPriority              
0000268b  NVIC_SetPendingIRQ            
000026d7  NVIC_ClearPendingIRQ          
00002723  NVIC_IsActiveIRQ              
00002775  NVIC_GenerateSoftwareInterrupt
000027b5  NVIC_GetVersionInfo           
00002809  Mcu_Init                      
0000282b  Mcu_InitClock                 
00002853  Mcu_DistributePllClock        
0000288d  Mcu_GetPllStatus              
000028a7  Mcu_GetResetReason            
000028f9  Mcu_GetResetRawValue          
00002909  Mcu_PerformReset              
00002911  Mcu_SetMode                   
00002963  Mcu_GetSystemClock            
00002973  Mcu_EnablePeripheralClock     
000029b1  Mcu_DisablePeripheralClock    
00002c4b  Det_Init                      
00002c87  Det_DeInit                    
00002ccb  Det_ReportError               
00002d27  Det_GetVersionInfo            
00002d65  Det_GetErrorReport            
00002ddb  Det_ClearErrorBuffer          
00002e0d  Det_GetErrorCount             
00002e13  Det_SetCallback               
00002e55  Timer2A_Handler               
00002e57  PC_Print                      
00002e65  Uint32ToString                
00002efb  ForwardPCToRPi                
00002f5b  ForwardRPiToPC                
00002fb1  main                          
000030a1  __aeabi_memcpy                
000030a1  __aeabi_memcpy4               
000030a1  __aeabi_memcpy8               
000030a1  memcpy                        
0000313d  __aeabi_memclr                
0000313d  __aeabi_memclr4               
0000313d  __aeabi_memclr8               
0000313f  __aeabi_memset                
0000313f  __aeabi_memset4               
0000313f  __aeabi_memset8               
00003145  memset                        
000031b7  __TI_decompress_lzss          
00003221  __TI_auto_init_nobinit_nopinit
00003265  _c_int00_noargs               
00003299  __TI_zero_init_nomemset       
000032b5  __TI_decompress_none          
000032c3  ResetISR                      
000032cf  _system_pre_init              
000032d3  C$$EXIT                       
000032d3  abort                         
00003430  Gpio_Configuration            
00003438  Mcu_Config_80MHz              
00003454  __TI_Handler_Table_Base       
00003460  __TI_Handler_Table_Limit      
00003468  __TI_CINIT_Base               
00003478  __TI_CINIT_Limit              
20000000  __stack                       
20000000  __start___llvm_prf_cnts       
20000000  __stop___llvm_prf_cnts        
20000200  __STACK_END                   
20000200  __STACK_TOP                   
ffffffff  __TI_pprof_out_hndl           
ffffffff  __TI_prof_data_size           
ffffffff  __TI_prof_data_start          
ffffffff  __binit__                     
ffffffff  __c_args__                    
ffffffff  binit                         
UNDEFED   __mpu_init                    
UNDEFED   _system_post_cinit            

[123 symbols]
