******************************************************************************
                  TI ARM Linker PC v20.2.7                     
******************************************************************************
>> Linked Sat Nov  1 09:59:37 2025

OUTPUT FILE NAME:   <Graduation_Project.out>
ENTRY POINT SYMBOL: "_c_int00_noargs"  address: 00001bfd


MEMORY CONFIGURATION

         name            origin    length      used     unused   attr    fill
----------------------  --------  ---------  --------  --------  ----  --------
  FLASH                 00000000   00040000  00001d82  0003e27e  R  X
  SRAM                  20000000   00008000  00000340  00007cc0  RW X


SEGMENT ALLOCATION MAP

run origin  load origin   length   init length attrs members
----------  ----------- ---------- ----------- ----- -------
00000000    00000000    00001d88   00001d88    r-x
  00000000    00000000    0000026c   0000026c    r-- .intvecs
  0000026c    0000026c    00001a02   00001a02    r-x .text
  00001c70    00001c70    000000dc   000000dc    r-- .const
  00001d50    00001d50    00000038   00000038    r-- .cinit
20000000    20000000    00000340   00000000    rw-
  20000000    20000000    00000200   00000000    rw- .stack
  20000200    20000200    00000120   00000000    rw- .bss
  20000320    20000320    00000020   00000000    rw- .data


SECTION ALLOCATION MAP

 output                                  attributes/
section   page    origin      length       input sections
--------  ----  ----------  ----------   ----------------
.intvecs   0    00000000    0000026c     
                  00000000    0000026c     tm4c123gh6pm_startup_ccs.obj (.intvecs)

.text      0    0000026c    00001a02     
                  0000026c    00000d04     GPIO.obj (.text)
                  00000f70    00000640     UART.obj (.text)
                  000015b0    00000274     Det.obj (.text)
                  00001824    00000214     main_ros2.obj (.text)
                  00001a38    0000009c     rtsv7M4_T_le_v4SPD16_eabi.lib : memcpy_t2.asm.obj (.text)
                  00001ad4    0000007a                                   : memset_t2.asm.obj (.text)
                  00001b4e    00000068                                   : copy_decompress_lzss.c.obj (.text:decompress:lzss:__TI_decompress_lzss)
                  00001bb6    00000002     --HOLE-- [fill = 0]
                  00001bb8    00000044                                   : autoinit.c.obj (.text:__TI_auto_init_nobinit_nopinit:__TI_auto_init_nobinit_nopinit)
                  00001bfc    00000034                                   : boot_cortex_m.c.obj (.text:_c_int00_noargs:_c_int00_noargs)
                  00001c30    0000001c                                   : copy_zero_init.c.obj (.text:decompress:ZI:__TI_zero_init_nomemset:__TI_zero_init_nomemset)
                  00001c4c    0000000e                                   : copy_decompress_none.c.obj (.text:decompress:none:__TI_decompress_none)
                  00001c5a    0000000c     tm4c123gh6pm_startup_ccs.obj (.text)
                  00001c66    00000004     rtsv7M4_T_le_v4SPD16_eabi.lib : pre_init.c.obj (.text:_system_pre_init)
                  00001c6a    00000004                                   : exit.c.obj (.text:abort:abort)

.const     0    00001c70    000000dc     
                  00001c70    00000084     Gpio_PBCfg.obj (.const:Gpio_PinConfigurations)
                  00001cf4    00000020     UART.obj (.const:Uart_BaseAddress)
                  00001d14    00000018     main_ros2.obj (.const:$P$T0$1)
                  00001d2c    00000018     main_ros2.obj (.const:$P$T1$2)
                  00001d44    00000008     Gpio_PBCfg.obj (.const:Gpio_Configuration)

.cinit     0    00001d50    00000038     
                  00001d50    00000013     (.cinit..data.load) [load image, compression = lzss]
                  00001d63    00000001     --HOLE-- [fill = 0]
                  00001d64    0000000c     (__TI_handler_table)
                  00001d70    00000008     (.cinit..bss.load) [load image, compression = zero_init]
                  00001d78    00000010     (__TI_cinit_table)

.init_array 
*          0    00000000    00000000     UNINITIALIZED

.bss       0    20000200    00000120     UNINITIALIZED
                  20000200    000000c0     Det.obj (.bss:Det_ErrorBuffer)
                  200002c0    00000060     UART.obj (.bss:Uart_RuntimeState)

.data      0    20000320    00000020     UNINITIALIZED
                  20000320    0000000c     Det.obj (.data)
                  2000032c    00000009     GPIO.obj (.data)
                  20000335    00000003     --HOLE--
                  20000338    00000008     main_ros2.obj (.data)

.stack     0    20000000    00000200     UNINITIALIZED
                  20000000    00000004     rtsv7M4_T_le_v4SPD16_eabi.lib : boot_cortex_m.c.obj (.stack)
                  20000004    000001fc     --HOLE--

__llvm_prf_cnts 
*          0    20000000    00000000     UNINITIALIZED

MODULE SUMMARY

       Module                         code   ro data   rw data
       ------                         ----   -------   -------
    .\
       tm4c123gh6pm_startup_ccs.obj   12     620       0      
       main_ros2.obj                  532    48        8      
    +--+------------------------------+------+---------+---------+
       Total:                         544    668       8      
                                                              
    .\CONFIG\
       Det.obj                        628    0         204    
    +--+------------------------------+------+---------+---------+
       Total:                         628    0         204    
                                                              
    .\MCAL\GPIO\
       GPIO.obj                       3332   0         9      
       Gpio_PBCfg.obj                 0      140       0      
    +--+------------------------------+------+---------+---------+
       Total:                         3332   140       9      
                                                              
    .\MCAL\UART\
       UART.obj                       1600   32        96     
    +--+------------------------------+------+---------+---------+
       Total:                         1600   32        96     
                                                              
    C:\ti\ccs1281\ccs\tools\compiler\ti-cgt-arm_20.2.7.LTS\lib\rtsv7M4_T_le_v4SPD16_eabi.lib
       memcpy_t2.asm.obj              156    0         0      
       memset_t2.asm.obj              122    0         0      
       copy_decompress_lzss.c.obj     104    0         0      
       autoinit.c.obj                 68     0         0      
       boot_cortex_m.c.obj            52     0         0      
       copy_zero_init.c.obj           28     0         0      
       copy_decompress_none.c.obj     14     0         0      
       exit.c.obj                     4      0         0      
       pre_init.c.obj                 4      0         0      
    +--+------------------------------+------+---------+---------+
       Total:                         552    0         0      
                                                              
       Stack:                         0      0         512    
       Linker Generated:              0      55        0      
    +--+------------------------------+------+---------+---------+
       Grand Total:                   6656   895       829    


LINKER GENERATED COPY TABLES

__TI_cinit_table @ 00001d78 records: 2, size/record: 8, table size: 16
	.data: load addr=00001d50, load size=00000013 bytes, run addr=20000320, run size=00000020 bytes, compression=lzss
	.bss: load addr=00001d70, load size=00000008 bytes, run addr=20000200, run size=00000120 bytes, compression=zero_init


LINKER GENERATED HANDLER TABLE

__TI_handler_table @ 00001d64 records: 3, size/record: 4, table size: 12
	index: 0, handler: __TI_decompress_lzss
	index: 1, handler: __TI_decompress_none
	index: 2, handler: __TI_zero_init


GLOBAL SYMBOLS: SORTED ALPHABETICALLY BY Name 

address   name                          
-------   ----                          
00001c6b  C$$EXIT                       
000017ab  Det_ClearErrorBuffer          
00001657  Det_DeInit                    
000017dd  Det_GetErrorCount             
00001735  Det_GetErrorReport            
000016f7  Det_GetVersionInfo            
0000161b  Det_Init                      
0000169b  Det_ReportError               
000017e3  Det_SetCallback               
000018cb  ForwardPCToRPi                
0000192b  ForwardRPiToPC                
00000e89  Gpio_ClearInterrupt           
00001d44  Gpio_Configuration            
00000e1f  Gpio_DisableInterrupt         
00000db9  Gpio_EnableInterrupt          
00000a93  Gpio_FlipChannel              
00000ef5  Gpio_GetInterruptStatus       
00000b3b  Gpio_GetVersionInfo           
0000086b  Gpio_Init                     
000008ef  Gpio_ReadChannel              
00000cc9  Gpio_ReadChannelGroup         
000009f1  Gpio_ReadPort                 
00000c05  Gpio_RefreshPortDirection     
00000b7d  Gpio_SetPinDirection          
0000096d  Gpio_WriteChannel             
00000d3b  Gpio_WriteChannelGroup        
00000a49  Gpio_WritePort                
00001827  PC_Print                      
00001c5b  ResetISR                      
00001825  Timer2A_Handler               
000011b9  Uart_DeInit                   
000014bb  Uart_GetStatus                
00001575  Uart_GetVersionInfo           
0000101d  Uart_Init                     
0000153d  Uart_IsRxDataAvailable        
00001505  Uart_IsTxFifoEmpty            
000012d9  Uart_ReceiveByte              
00001419  Uart_SendBuffer               
00001261  Uart_SendByte                 
0000137d  Uart_SendString               
00001835  Uint32ToString                
20000200  __STACK_END                   
00000200  __STACK_SIZE                  
20000200  __STACK_TOP                   
00001d78  __TI_CINIT_Base               
00001d88  __TI_CINIT_Limit              
00001d64  __TI_Handler_Table_Base       
00001d70  __TI_Handler_Table_Limit      
00001bb9  __TI_auto_init_nobinit_nopinit
00001b4f  __TI_decompress_lzss          
00001c4d  __TI_decompress_none          
ffffffff  __TI_pprof_out_hndl           
ffffffff  __TI_prof_data_size           
ffffffff  __TI_prof_data_start          
00000000  __TI_static_base__            
00001c31  __TI_zero_init_nomemset       
00001ad5  __aeabi_memclr                
00001ad5  __aeabi_memclr4               
00001ad5  __aeabi_memclr8               
00001a39  __aeabi_memcpy                
00001a39  __aeabi_memcpy4               
00001a39  __aeabi_memcpy8               
00001ad7  __aeabi_memset                
00001ad7  __aeabi_memset4               
00001ad7  __aeabi_memset8               
ffffffff  __binit__                     
ffffffff  __c_args__                    
UNDEFED   __mpu_init                    
20000000  __stack                       
20000000  __start___llvm_prf_cnts       
20000000  __stop___llvm_prf_cnts        
00001bfd  _c_int00_noargs               
UNDEFED   _system_post_cinit            
00001c67  _system_pre_init              
00001c6b  abort                         
ffffffff  binit                         
00000000  g_pfnVectors                  
00001981  main                          
00001a39  memcpy                        
00001add  memset                        


GLOBAL SYMBOLS: SORTED BY Symbol Address 

address   name                          
-------   ----                          
00000000  __TI_static_base__            
00000000  g_pfnVectors                  
00000200  __STACK_SIZE                  
0000086b  Gpio_Init                     
000008ef  Gpio_ReadChannel              
0000096d  Gpio_WriteChannel             
000009f1  Gpio_ReadPort                 
00000a49  Gpio_WritePort                
00000a93  Gpio_FlipChannel              
00000b3b  Gpio_GetVersionInfo           
00000b7d  Gpio_SetPinDirection          
00000c05  Gpio_RefreshPortDirection     
00000cc9  Gpio_ReadChannelGroup         
00000d3b  Gpio_WriteChannelGroup        
00000db9  Gpio_EnableInterrupt          
00000e1f  Gpio_DisableInterrupt         
00000e89  Gpio_ClearInterrupt           
00000ef5  Gpio_GetInterruptStatus       
0000101d  Uart_Init                     
000011b9  Uart_DeInit                   
00001261  Uart_SendByte                 
000012d9  Uart_ReceiveByte              
0000137d  Uart_SendString               
00001419  Uart_SendBuffer               
000014bb  Uart_GetStatus                
00001505  Uart_IsTxFifoEmpty            
0000153d  Uart_IsRxDataAvailable        
00001575  Uart_GetVersionInfo           
0000161b  Det_Init                      
00001657  Det_DeInit                    
0000169b  Det_ReportError               
000016f7  Det_GetVersionInfo            
00001735  Det_GetErrorReport            
000017ab  Det_ClearErrorBuffer          
000017dd  Det_GetErrorCount             
000017e3  Det_SetCallback               
00001825  Timer2A_Handler               
00001827  PC_Print                      
00001835  Uint32ToString                
000018cb  ForwardPCToRPi                
0000192b  ForwardRPiToPC                
00001981  main                          
00001a39  __aeabi_memcpy                
00001a39  __aeabi_memcpy4               
00001a39  __aeabi_memcpy8               
00001a39  memcpy                        
00001ad5  __aeabi_memclr                
00001ad5  __aeabi_memclr4               
00001ad5  __aeabi_memclr8               
00001ad7  __aeabi_memset                
00001ad7  __aeabi_memset4               
00001ad7  __aeabi_memset8               
00001add  memset                        
00001b4f  __TI_decompress_lzss          
00001bb9  __TI_auto_init_nobinit_nopinit
00001bfd  _c_int00_noargs               
00001c31  __TI_zero_init_nomemset       
00001c4d  __TI_decompress_none          
00001c5b  ResetISR                      
00001c67  _system_pre_init              
00001c6b  C$$EXIT                       
00001c6b  abort                         
00001d44  Gpio_Configuration            
00001d64  __TI_Handler_Table_Base       
00001d70  __TI_Handler_Table_Limit      
00001d78  __TI_CINIT_Base               
00001d88  __TI_CINIT_Limit              
20000000  __stack                       
20000000  __start___llvm_prf_cnts       
20000000  __stop___llvm_prf_cnts        
20000200  __STACK_END                   
20000200  __STACK_TOP                   
ffffffff  __TI_pprof_out_hndl           
ffffffff  __TI_prof_data_size           
ffffffff  __TI_prof_data_start          
ffffffff  __binit__                     
ffffffff  __c_args__                    
ffffffff  binit                         
UNDEFED   __mpu_init                    
UNDEFED   _system_post_cinit            

[80 symbols]
